Archive member included to satisfy reference by file (symbol)

C:/ST/STM32CubeIDE_1.12.1/STM32CubeIDE/plugins/com.st.stm32cube.ide.mcu.externaltools.gnu-tools-for-stm32.11.3.rel1.win32_1.1.100.202309141235/tools/bin/../lib/gcc/arm-none-eabi/11.3.1/../../../../arm-none-eabi/lib/thumb/v7e-m+fp/hard\libc_nano.a(libc_a-exit.o)
                              C:/ST/STM32CubeIDE_1.12.1/STM32CubeIDE/plugins/com.st.stm32cube.ide.mcu.externaltools.gnu-tools-for-stm32.11.3.rel1.win32_1.1.100.202309141235/tools/bin/../lib/gcc/arm-none-eabi/11.3.1/../../../../arm-none-eabi/lib/thumb/v7e-m+fp/hard/crt0.o (exit)
C:/ST/STM32CubeIDE_1.12.1/STM32CubeIDE/plugins/com.st.stm32cube.ide.mcu.externaltools.gnu-tools-for-stm32.11.3.rel1.win32_1.1.100.202309141235/tools/bin/../lib/gcc/arm-none-eabi/11.3.1/../../../../arm-none-eabi/lib/thumb/v7e-m+fp/hard\libc_nano.a(libc_a-findfp.o)
                              C:/ST/STM32CubeIDE_1.12.1/STM32CubeIDE/plugins/com.st.stm32cube.ide.mcu.externaltools.gnu-tools-for-stm32.11.3.rel1.win32_1.1.100.202309141235/tools/bin/../lib/gcc/arm-none-eabi/11.3.1/../../../../arm-none-eabi/lib/thumb/v7e-m+fp/hard\libc_nano.a(libc_a-exit.o) (__stdio_exit_handler)
C:/ST/STM32CubeIDE_1.12.1/STM32CubeIDE/plugins/com.st.stm32cube.ide.mcu.externaltools.gnu-tools-for-stm32.11.3.rel1.win32_1.1.100.202309141235/tools/bin/../lib/gcc/arm-none-eabi/11.3.1/../../../../arm-none-eabi/lib/thumb/v7e-m+fp/hard\libc_nano.a(libc_a-fwalk.o)
                              C:/ST/STM32CubeIDE_1.12.1/STM32CubeIDE/plugins/com.st.stm32cube.ide.mcu.externaltools.gnu-tools-for-stm32.11.3.rel1.win32_1.1.100.202309141235/tools/bin/../lib/gcc/arm-none-eabi/11.3.1/../../../../arm-none-eabi/lib/thumb/v7e-m+fp/hard\libc_nano.a(libc_a-findfp.o) (_fwalk_sglue)
C:/ST/STM32CubeIDE_1.12.1/STM32CubeIDE/plugins/com.st.stm32cube.ide.mcu.externaltools.gnu-tools-for-stm32.11.3.rel1.win32_1.1.100.202309141235/tools/bin/../lib/gcc/arm-none-eabi/11.3.1/../../../../arm-none-eabi/lib/thumb/v7e-m+fp/hard\libc_nano.a(libc_a-stdio.o)
                              C:/ST/STM32CubeIDE_1.12.1/STM32CubeIDE/plugins/com.st.stm32cube.ide.mcu.externaltools.gnu-tools-for-stm32.11.3.rel1.win32_1.1.100.202309141235/tools/bin/../lib/gcc/arm-none-eabi/11.3.1/../../../../arm-none-eabi/lib/thumb/v7e-m+fp/hard\libc_nano.a(libc_a-findfp.o) (__sread)
C:/ST/STM32CubeIDE_1.12.1/STM32CubeIDE/plugins/com.st.stm32cube.ide.mcu.externaltools.gnu-tools-for-stm32.11.3.rel1.win32_1.1.100.202309141235/tools/bin/../lib/gcc/arm-none-eabi/11.3.1/../../../../arm-none-eabi/lib/thumb/v7e-m+fp/hard\libc_nano.a(libc_a-memset.o)
                              C:/ST/STM32CubeIDE_1.12.1/STM32CubeIDE/plugins/com.st.stm32cube.ide.mcu.externaltools.gnu-tools-for-stm32.11.3.rel1.win32_1.1.100.202309141235/tools/bin/../lib/gcc/arm-none-eabi/11.3.1/../../../../arm-none-eabi/lib/thumb/v7e-m+fp/hard/crt0.o (memset)
C:/ST/STM32CubeIDE_1.12.1/STM32CubeIDE/plugins/com.st.stm32cube.ide.mcu.externaltools.gnu-tools-for-stm32.11.3.rel1.win32_1.1.100.202309141235/tools/bin/../lib/gcc/arm-none-eabi/11.3.1/../../../../arm-none-eabi/lib/thumb/v7e-m+fp/hard\libc_nano.a(libc_a-closer.o)
                              C:/ST/STM32CubeIDE_1.12.1/STM32CubeIDE/plugins/com.st.stm32cube.ide.mcu.externaltools.gnu-tools-for-stm32.11.3.rel1.win32_1.1.100.202309141235/tools/bin/../lib/gcc/arm-none-eabi/11.3.1/../../../../arm-none-eabi/lib/thumb/v7e-m+fp/hard\libc_nano.a(libc_a-stdio.o) (_close_r)
C:/ST/STM32CubeIDE_1.12.1/STM32CubeIDE/plugins/com.st.stm32cube.ide.mcu.externaltools.gnu-tools-for-stm32.11.3.rel1.win32_1.1.100.202309141235/tools/bin/../lib/gcc/arm-none-eabi/11.3.1/../../../../arm-none-eabi/lib/thumb/v7e-m+fp/hard\libc_nano.a(libc_a-reent.o)
                              C:/ST/STM32CubeIDE_1.12.1/STM32CubeIDE/plugins/com.st.stm32cube.ide.mcu.externaltools.gnu-tools-for-stm32.11.3.rel1.win32_1.1.100.202309141235/tools/bin/../lib/gcc/arm-none-eabi/11.3.1/../../../../arm-none-eabi/lib/thumb/v7e-m+fp/hard\libc_nano.a(libc_a-closer.o) (errno)
C:/ST/STM32CubeIDE_1.12.1/STM32CubeIDE/plugins/com.st.stm32cube.ide.mcu.externaltools.gnu-tools-for-stm32.11.3.rel1.win32_1.1.100.202309141235/tools/bin/../lib/gcc/arm-none-eabi/11.3.1/../../../../arm-none-eabi/lib/thumb/v7e-m+fp/hard\libc_nano.a(libc_a-impure.o)
                              C:/ST/STM32CubeIDE_1.12.1/STM32CubeIDE/plugins/com.st.stm32cube.ide.mcu.externaltools.gnu-tools-for-stm32.11.3.rel1.win32_1.1.100.202309141235/tools/bin/../lib/gcc/arm-none-eabi/11.3.1/../../../../arm-none-eabi/lib/thumb/v7e-m+fp/hard\libc_nano.a(libc_a-reent.o) (_impure_ptr)
C:/ST/STM32CubeIDE_1.12.1/STM32CubeIDE/plugins/com.st.stm32cube.ide.mcu.externaltools.gnu-tools-for-stm32.11.3.rel1.win32_1.1.100.202309141235/tools/bin/../lib/gcc/arm-none-eabi/11.3.1/../../../../arm-none-eabi/lib/thumb/v7e-m+fp/hard\libc_nano.a(libc_a-lseekr.o)
[...]
Memory Configuration

Name             Origin             Length             Attributes
CCMRAM           0x0000000010000000 0x0000000000010000 xrw
RAM              0x0000000020000000 0x0000000000020000 xrw
FLASH            0x0000000008000000 0x0000000000008000 xr
*default*        0x0000000000000000 0xffffffffffffffff

Linker script and memory map

LOAD C:/ST/STM32CubeIDE_1.12.1/STM32CubeIDE/plugins/com.st.stm32cube.ide.mcu.externaltools.gnu-tools-for-stm32.11.3.rel1.win32_1.1.100.202309141235/tools/bin/../lib/gcc/arm-none-eabi/11.3.1/thumb/v7e-m+fp/hard/crti.o
LOAD C:/ST/STM32CubeIDE_1.12.1/STM32CubeIDE/plugins/com.st.stm32cube.ide.mcu.externaltools.gnu-tools-for-stm32.11.3.rel1.win32_1.1.100.202309141235/tools/bin/../lib/gcc/arm-none-eabi/11.3.1/thumb/v7e-m+fp/hard/crtbegin.o
LOAD C:/ST/STM32CubeIDE_1.12.1/STM32CubeIDE/plugins/com.st.stm32cube.ide.mcu.externaltools.gnu-tools-for-stm32.11.3.rel1.win32_1.1.100.202309141235/tools/bin/../lib/gcc/arm-none-eabi/11.3.1/../../../../arm-none-eabi/lib/thumb/v7e-m+fp/hard/crt0.o
LOAD ./Core/Src/main.o
LOAD ./Core/Src/stm32f4xx_hal_msp.o
LOAD ./Core/Src/stm32f4xx_it.o
LOAD ./Core/Src/syscalls.o
LOAD ./Core/Src/sysmem.o
LOAD ./Core/Src/system_stm32f4xx.o
LOAD ./Core/Startup/startup_stm32f407vgtx.o
LOAD ./Drivers/STM32F4xx_HAL_Driver/Src/stm32f4xx_hal.o
LOAD ./Drivers/STM32F4xx_HAL_Driver/Src/stm32f4xx_hal_cortex.o
LOAD ./Drivers/STM32F4xx_HAL_Driver/Src/stm32f4xx_hal_dma.o
LOAD ./Drivers/STM32F4xx_HAL_Driver/Src/stm32f4xx_hal_dma_ex.o
LOAD ./Drivers/STM32F4xx_HAL_Driver/Src/stm32f4xx_hal_exti.o
LOAD ./Drivers/STM32F4xx_HAL_Driver/Src/stm32f4xx_hal_flash.o
LOAD ./Drivers/STM32F4xx_HAL_Driver/Src/stm32f4xx_hal_flash_ex.o
LOAD ./Drivers/STM32F4xx_HAL_Driver/Src/stm32f4xx_hal_flash_ramfunc.o
LOAD ./Drivers/STM32F4xx_HAL_Driver/Src/stm32f4xx_hal_gpio.o
LOAD ./Drivers/STM32F4xx_HAL_Driver/Src/stm32f4xx_hal_pcd.o
LOAD ./Drivers/STM32F4xx_HAL_Driver/Src/stm32f4xx_hal_pcd_ex.o
LOAD ./Drivers/STM32F4xx_HAL_Driver/Src/stm32f4xx_hal_pwr.o
LOAD ./Drivers/STM32F4xx_HAL_Driver/Src/stm32f4xx_hal_pwr_ex.o
LOAD ./Drivers/STM32F4xx_HAL_Driver/Src/stm32f4xx_hal_rcc.o
LOAD ./Drivers/STM32F4xx_HAL_Driver/Src/stm32f4xx_hal_rcc_ex.o
LOAD ./Drivers/STM32F4xx_HAL_Driver/Src/stm32f4xx_hal_tim.o
LOAD ./Drivers/STM32F4xx_HAL_Driver/Src/stm32f4xx_hal_tim_ex.o
LOAD ./Drivers/STM32F4xx_HAL_Driver/Src/stm32f4xx_ll_usb.o
LOAD ./Middlewares/ST/STM32_USB_Device_Library/Class/CDC/Src/usbd_cdc.o
LOAD ./Middlewares/ST/STM32_USB_Device_Library/Core/Src/usbd_core.o
LOAD ./Middlewares/ST/STM32_USB_Device_Library/Core/Src/usbd_ctlreq.o
LOAD ./Middlewares/ST/STM32_USB_Device_Library/Core/Src/usbd_ioreq.o
LOAD ./USB_DEVICE/App/usb_device.o
LOAD ./USB_DEVICE/App/usbd_cdc_if.o
LOAD ./USB_DEVICE/App/usbd_desc.o
LOAD ./USB_DEVICE/Target/usbd_conf.o
START GROUP
LOAD C:/ST/STM32CubeIDE_1.12.1/STM32CubeIDE/plugins/com.st.stm32cube.ide.mcu.externaltools.gnu-tools-for-stm32.11.3.rel1.win32_1.1.100.202309141235/tools/bin/../lib/gcc/arm-none-eabi/11.3.1/../../../../arm-none-eabi/lib/thumb/v7e-m+fp/hard\libc_nano.a
LOAD C:/ST/STM32CubeIDE_1.12.1/STM32CubeIDE/plugins/com.st.stm32cube.ide.mcu.externaltools.gnu-tools-for-stm32.11.3.rel1.win32_1.1.100.202309141235/tools/bin/../lib/gcc/arm-none-eabi/11.3.1/../../../../arm-none-eabi/lib/thumb/v7e-m+fp/hard\libm.a
END GROUP
START GROUP
LOAD C:/ST/STM32CubeIDE_1.12.1/STM32CubeIDE/plugins/com.st.stm32cube.ide.mcu.externaltools.gnu-tools-for-stm32.11.3.rel1.win32_1.1.100.202309141235/tools/bin/../lib/gcc/arm-none-eabi/11.3.1/thumb/v7e-m+fp/hard\libgcc.a
LOAD C:/ST/STM32CubeIDE_1.12.1/STM32CubeIDE/plugins/com.st.stm32cube.ide.mcu.externaltools.gnu-tools-for-stm32.11.3.rel1.win32_1.1.100.202309141235/tools/bin/../lib/gcc/arm-none-eabi/11.3.1/../../../../arm-none-eabi/lib/thumb/v7e-m+fp/hard\libc_nano.a
END GROUP
START GROUP
LOAD C:/ST/STM32CubeIDE_1.12.1/STM32CubeIDE/plugins/com.st.stm32cube.ide.mcu.externaltools.gnu-tools-for-stm32.11.3.rel1.win32_1.1.100.202309141235/tools/bin/../lib/gcc/arm-none-eabi/11.3.1/thumb/v7e-m+fp/hard\libgcc.a
LOAD C:/ST/STM32CubeIDE_1.12.1/STM32CubeIDE/plugins/com.st.stm32cube.ide.mcu.externaltools.gnu-tools-for-stm32.11.3.rel1.win32_1.1.100.202309141235/tools/bin/../lib/gcc/arm-none-eabi/11.3.1/../../../../arm-none-eabi/lib/thumb/v7e-m+fp/hard\libc_nano.a
LOAD C:/ST/STM32CubeIDE_1.12.1/STM32CubeIDE/plugins/com.st.stm32cube.ide.mcu.externaltools.gnu-tools-for-stm32.11.3.rel1.win32_1.1.100.202309141235/tools/bin/../lib/gcc/arm-none-eabi/11.3.1/../../../../arm-none-eabi/lib/thumb/v7e-m+fp/hard\libnosys.a
END GROUP
START GROUP
LOAD C:/ST/STM32CubeIDE_1.12.1/STM32CubeIDE/plugins/com.st.stm32cube.ide.mcu.externaltools.gnu-tools-for-stm32.11.3.rel1.win32_1.1.100.202309141235/tools/bin/../lib/gcc/arm-none-eabi/11.3.1/thumb/v7e-m+fp/hard\libgcc.a
LOAD C:/ST/STM32CubeIDE_1.12.1/STM32CubeIDE/plugins/com.st.stm32cube.ide.mcu.externaltools.gnu-tools-for-stm32.11.3.rel1.win32_1.1.100.202309141235/tools/bin/../lib/gcc/arm-none-eabi/11.3.1/../../../../arm-none-eabi/lib/thumb/v7e-m+fp/hard\libc_nano.a
LOAD C:/ST/STM32CubeIDE_1.12.1/STM32CubeIDE/plugins/com.st.stm32cube.ide.mcu.externaltools.gnu-tools-for-stm32.11.3.rel1.win32_1.1.100.202309141235/tools/bin/../lib/gcc/arm-none-eabi/11.3.1/../../../../arm-none-eabi/lib/thumb/v7e-m+fp/hard\libnosys.a
END GROUP
LOAD C:/ST/STM32CubeIDE_1.12.1/STM32CubeIDE/plugins/com.st.stm32cube.ide.mcu.externaltools.gnu-tools-for-stm32.11.3.rel1.win32_1.1.100.202309141235/tools/bin/../lib/gcc/arm-none-eabi/11.3.1/thumb/v7e-m+fp/hard/crtend.o
LOAD C:/ST/STM32CubeIDE_1.12.1/STM32CubeIDE/plugins/com.st.stm32cube.ide.mcu.externaltools.gnu-tools-for-stm32.11.3.rel1.win32_1.1.100.202309141235/tools/bin/../lib/gcc/arm-none-eabi/11.3.1/thumb/v7e-m+fp/hard/crtn.o
                0x0000000020020000                _estack = (ORIGIN (RAM) + LENGTH (RAM))
                0x0000000000000200                _Min_Heap_Size = 0x200
                0x0000000000000400                _Min_Stack_Size = 0x400

.isr_vector     0x0000000008000000      0x188
                0x0000000008000000                . = ALIGN (0x4)
 *(.isr_vector)
 .isr_vector    0x0000000008000000      0x188 ./Core/Startup/startup_stm32f407vgtx.o
                0x0000000008000000                g_pfnVectors
                0x0000000008000188                . = ALIGN (0x4)

.text           0x0000000008000188     0x6b78
                0x0000000008000188                . = ALIGN (0x4)
 *(.text)
 .text          0x0000000008000188       0x40 C:/ST/STM32CubeIDE_1.12.1/STM32CubeIDE/plugins/com.st.stm32cube.ide.mcu.externaltools.gnu-tools-for-stm32.11.3.rel1.win32_1.1.100.202309141235/tools/bin/../lib/gcc/arm-none-eabi/11.3.1/thumb/v7e-m+fp/hard/crtbegin.o
 .text          0x00000000080001c8       0x30 C:/ST/STM32CubeIDE_1.12.1/STM32CubeIDE/plugins/com.st.stm32cube.ide.mcu.externaltools.gnu-tools-for-stm32.11.3.rel1.win32_1.1.100.202309141235/tools/bin/../lib/gcc/arm-none-eabi/11.3.1/thumb/v7e-m+fp/hard\libgcc.a(_aeabi_uldivmod.o)
                0x00000000080001c8                __aeabi_uldivmod
 .text          0x00000000080001f8      0x2c8 C:/ST/STM32CubeIDE_1.12.1/STM32CubeIDE/plugins/com.st.stm32cube.ide.mcu.externaltools.gnu-tools-for-stm32.11.3.rel1.win32_1.1.100.202309141235/tools/bin/../lib/gcc/arm-none-eabi/11.3.1/thumb/v7e-m+fp/hard\libgcc.a(_udivmoddi4.o)
                0x00000000080001f8                __udivmoddi4
 .text          0x00000000080004c0        0x4 C:/ST/STM32CubeIDE_1.12.1/STM32CubeIDE/plugins/com.st.stm32cube.ide.mcu.externaltools.gnu-tools-for-stm32.11.3.rel1.win32_1.1.100.202309141235/tools/bin/../lib/gcc/arm-none-eabi/11.3.1/thumb/v7e-m+fp/hard\libgcc.a(_dvmd_tls.o)
                0x00000000080004c0                __aeabi_idiv0
                0x00000000080004c0                __aeabi_ldiv0
 *(.text*)
 .text.main     0x00000000080004c4       0x58 ./Core/Src/main.o
                0x00000000080004c4                main
 .text.SystemClock_Config
                0x000000000800051c       0xd4 ./Core/Src/main.o
                0x000000000800051c                SystemClock_Config
 .text.MX_GPIO_Init
                0x00000000080005f0       0xc0 ./Core/Src/main.o
 .text.jump_to_application
                0x00000000080006b0       0x60 ./Core/Src/main.o
                0x00000000080006b0                jump_to_application
 .text.Error_Handler
                0x0000000008000710        0xa ./Core/Src/main.o
                0x0000000008000710                Error_Handler
 *fill*         0x000000000800071a        0x2 
 .text.HAL_MspInit
                0x000000000800071c       0x50 ./Core/Src/stm32f4xx_hal_msp.o
                0x000000000800071c                HAL_MspInit
 .text.NMI_Handler
                0x000000000800076c        0x6 ./Core/Src/stm32f4xx_it.o
                0x000000000800076c                NMI_Handler
 .text.HardFault_Handler
                0x0000000008000772        0x6 ./Core/Src/stm32f4xx_it.o
                0x0000000008000772                HardFault_Handler
 .text.MemManage_Handler
                0x0000000008000778        0x6 ./Core/Src/stm32f4xx_it.o
                0x0000000008000778                MemManage_Handler
 .text.BusFault_Handler
                0x000000000800077e        0x6 ./Core/Src/stm32f4xx_it.o
                0x000000000800077e                BusFault_Handler
 .text.UsageFault_Handler
                0x0000000008000784        0x6 ./Core/Src/stm32f4xx_it.o
                0x0000000008000784                UsageFault_Handler
 .text.SVC_Handler
                0x000000000800078a        0xe ./Core/Src/stm32f4xx_it.o
                0x000000000800078a                SVC_Handler
 .text.DebugMon_Handler
                0x0000000008000798        0xe ./Core/Src/stm32f4xx_it.o
                0x0000000008000798                DebugMon_Handler
 .text.PendSV_Handler
                0x00000000080007a6        0xe ./Core/Src/stm32f4xx_it.o
                0x00000000080007a6                PendSV_Handler
 .text.SysTick_Handler
                0x00000000080007b4        0xc ./Core/Src/stm32f4xx_it.o
                0x00000000080007b4                SysTick_Handler
 .text.OTG_FS_IRQHandler
                0x00000000080007c0       0x14 ./Core/Src/stm32f4xx_it.o
                0x00000000080007c0                OTG_FS_IRQHandler
 .text.SystemInit
                0x00000000080007d4       0x24 ./Core/Src/system_stm32f4xx.o
                0x00000000080007d4                SystemInit
 .text.Reset_Handler
                0x00000000080007f8       0x50 ./Core/Startup/startup_stm32f407vgtx.o
                0x00000000080007f8                Reset_Handler
 .text.Default_Handler
                0x0000000008000848        0x2 ./Core/Startup/startup_stm32f407vgtx.o
                0x0000000008000848                RTC_Alarm_IRQHandler
                0x0000000008000848                HASH_RNG_IRQHandler
                0x0000000008000848                EXTI2_IRQHandler
                0x0000000008000848                TIM8_CC_IRQHandler
                0x0000000008000848                TIM1_CC_IRQHandler
                0x0000000008000848                DMA2_Stream5_IRQHandler
                0x0000000008000848                DMA1_Stream5_IRQHandler
                0x0000000008000848                PVD_IRQHandler
                0x0000000008000848                SDIO_IRQHandler
                0x0000000008000848                TAMP_STAMP_IRQHandler
                0x0000000008000848                CAN2_RX1_IRQHandler
                0x0000000008000848                EXTI3_IRQHandler
                0x0000000008000848                TIM8_TRG_COM_TIM14_IRQHandler
                0x0000000008000848                TIM1_UP_TIM10_IRQHandler
                0x0000000008000848                TIM8_UP_TIM13_IRQHandler
                0x0000000008000848                I2C3_ER_IRQHandler
                0x0000000008000848                EXTI0_IRQHandler
                0x0000000008000848                I2C2_EV_IRQHandler
                0x0000000008000848                DMA1_Stream2_IRQHandler
                0x0000000008000848                CAN1_RX0_IRQHandler
                0x0000000008000848                FPU_IRQHandler
                0x0000000008000848                OTG_HS_WKUP_IRQHandler
                0x0000000008000848                CAN2_SCE_IRQHandler
                0x0000000008000848                DMA2_Stream2_IRQHandler
                0x0000000008000848                SPI1_IRQHandler
                0x0000000008000848                TIM6_DAC_IRQHandler
                0x0000000008000848                TIM1_BRK_TIM9_IRQHandler
                0x0000000008000848                DCMI_IRQHandler
                0x0000000008000848                CAN2_RX0_IRQHandler
                0x0000000008000848                DMA2_Stream3_IRQHandler
                0x0000000008000848                USART6_IRQHandler
                0x0000000008000848                USART3_IRQHandler
                0x0000000008000848                CAN1_RX1_IRQHandler
                0x0000000008000848                UART5_IRQHandler
                0x0000000008000848                DMA2_Stream0_IRQHandler
                0x0000000008000848                TIM4_IRQHandler
                0x0000000008000848                I2C1_EV_IRQHandler
                0x0000000008000848                DMA1_Stream6_IRQHandler
                0x0000000008000848                DMA1_Stream1_IRQHandler
                0x0000000008000848                UART4_IRQHandler
                0x0000000008000848                TIM3_IRQHandler
                0x0000000008000848                RCC_IRQHandler
                0x0000000008000848                TIM8_BRK_TIM12_IRQHandler
                0x0000000008000848                Default_Handler
                0x0000000008000848                EXTI15_10_IRQHandler
                0x0000000008000848                ADC_IRQHandler
                0x0000000008000848                DMA1_Stream7_IRQHandler
                0x0000000008000848                TIM7_IRQHandler
                0x0000000008000848                CAN2_TX_IRQHandler
                0x0000000008000848                TIM5_IRQHandler
                0x0000000008000848                DMA2_Stream7_IRQHandler
                0x0000000008000848                I2C3_EV_IRQHandler
                0x0000000008000848                EXTI9_5_IRQHandler
                0x0000000008000848                RTC_WKUP_IRQHandler
                0x0000000008000848                ETH_WKUP_IRQHandler
                0x0000000008000848                SPI2_IRQHandler
                0x0000000008000848                OTG_HS_EP1_IN_IRQHandler
                0x0000000008000848                DMA1_Stream0_IRQHandler
                0x0000000008000848                CAN1_TX_IRQHandler
                0x0000000008000848                EXTI4_IRQHandler
                0x0000000008000848                FSMC_IRQHandler
                0x0000000008000848                ETH_IRQHandler
                0x0000000008000848                OTG_HS_EP1_OUT_IRQHandler
                0x0000000008000848                WWDG_IRQHandler
                0x0000000008000848                TIM2_IRQHandler
                0x0000000008000848                OTG_FS_WKUP_IRQHandler
                0x0000000008000848                TIM1_TRG_COM_TIM11_IRQHandler
                0x0000000008000848                OTG_HS_IRQHandler
                0x0000000008000848                EXTI1_IRQHandler
                0x0000000008000848                USART2_IRQHandler
                0x0000000008000848                I2C2_ER_IRQHandler
                0x0000000008000848                DMA2_Stream1_IRQHandler
                0x0000000008000848                CAN1_SCE_IRQHandler
                0x0000000008000848                FLASH_IRQHandler
                0x0000000008000848                DMA2_Stream4_IRQHandler
                0x0000000008000848                USART1_IRQHandler
                0x0000000008000848                SPI3_IRQHandler
                0x0000000008000848                DMA1_Stream4_IRQHandler
                0x0000000008000848                I2C1_ER_IRQHandler
                0x0000000008000848                DMA2_Stream6_IRQHandler
                0x0000000008000848                DMA1_Stream3_IRQHandler
 *fill*         0x000000000800084a        0x2 
 .text.HAL_Init
                0x000000000800084c       0x44 ./Drivers/STM32F4xx_HAL_Driver/Src/stm32f4xx_hal.o
                0x000000000800084c                HAL_Init
 .text.HAL_InitTick
                0x0000000008000890       0x60 ./Drivers/STM32F4xx_HAL_Driver/Src/stm32f4xx_hal.o
                0x0000000008000890                HAL_InitTick
 .text.HAL_IncTick
                0x00000000080008f0       0x28 ./Drivers/STM32F4xx_HAL_Driver/Src/stm32f4xx_hal.o
                0x00000000080008f0                HAL_IncTick
 .text.HAL_GetTick
                0x0000000008000918       0x18 ./Drivers/STM32F4xx_HAL_Driver/Src/stm32f4xx_hal.o
                0x0000000008000918                HAL_GetTick
 .text.HAL_Delay
                0x0000000008000930       0x48 ./Drivers/STM32F4xx_HAL_Driver/Src/stm32f4xx_hal.o
                0x0000000008000930                HAL_Delay
 .text.__NVIC_SetPriorityGrouping
                0x0000000008000978       0x48 ./Drivers/STM32F4xx_HAL_Driver/Src/stm32f4xx_hal_cortex.o
 .text.__NVIC_GetPriorityGrouping
                0x00000000080009c0       0x1c ./Drivers/STM32F4xx_HAL_Driver/Src/stm32f4xx_hal_cortex.o
 .text.__NVIC_EnableIRQ
                0x00000000080009dc       0x3c ./Drivers/STM32F4xx_HAL_Driver/Src/stm32f4xx_hal_cortex.o
 .text.__NVIC_SetPriority
                0x0000000008000a18       0x54 ./Drivers/STM32F4xx_HAL_Driver/Src/stm32f4xx_hal_cortex.o
 .text.NVIC_EncodePriority
                0x0000000008000a6c       0x66 ./Drivers/STM32F4xx_HAL_Driver/Src/stm32f4xx_hal_cortex.o
 *fill*         0x0000000008000ad2        0x2 
 .text.SysTick_Config
                0x0000000008000ad4       0x44 ./Drivers/STM32F4xx_HAL_Driver/Src/stm32f4xx_hal_cortex.o
 .text.HAL_NVIC_SetPriorityGrouping
                0x0000000008000b18       0x16 ./Drivers/STM32F4xx_HAL_Driver/Src/stm32f4xx_hal_cortex.o
                0x0000000008000b18                HAL_NVIC_SetPriorityGrouping
 .text.HAL_NVIC_SetPriority
                0x0000000008000b2e       0x38 ./Drivers/STM32F4xx_HAL_Driver/Src/stm32f4xx_hal_cortex.o
                0x0000000008000b2e                HAL_NVIC_SetPriority
 .text.HAL_NVIC_EnableIRQ
                0x0000000008000b66       0x1c ./Drivers/STM32F4xx_HAL_Driver/Src/stm32f4xx_hal_cortex.o
                0x0000000008000b66                HAL_NVIC_EnableIRQ
 .text.HAL_SYSTICK_Config
                0x0000000008000b82       0x18 ./Drivers/STM32F4xx_HAL_Driver/Src/stm32f4xx_hal_cortex.o
                0x0000000008000b82                HAL_SYSTICK_Config
 *fill*         0x0000000008000b9a        0x2 
 .text.HAL_GPIO_Init
                0x0000000008000b9c      0x338 ./Drivers/STM32F4xx_HAL_Driver/Src/stm32f4xx_hal_gpio.o
                0x0000000008000b9c                HAL_GPIO_Init
 .text.HAL_GPIO_ReadPin
                0x0000000008000ed4       0x30 ./Drivers/STM32F4xx_HAL_Driver/Src/stm32f4xx_hal_gpio.o
                0x0000000008000ed4                HAL_GPIO_ReadPin
 .text.HAL_GPIO_WritePin
                0x0000000008000f04       0x32 ./Drivers/STM32F4xx_HAL_Driver/Src/stm32f4xx_hal_gpio.o
                0x0000000008000f04                HAL_GPIO_WritePin
 .text.HAL_GPIO_TogglePin
                0x0000000008000f36       0x34 ./Drivers/STM32F4xx_HAL_Driver/Src/stm32f4xx_hal_gpio.o
                0x0000000008000f36                HAL_GPIO_TogglePin
 .text.HAL_PCD_Init
                0x0000000008000f6a      0x21e ./Drivers/STM32F4xx_HAL_Driver/Src/stm32f4xx_hal_pcd.o
                0x0000000008000f6a                HAL_PCD_Init
 .text.HAL_PCD_Start
                0x0000000008001188       0x6a ./Drivers/STM32F4xx_HAL_Driver/Src/stm32f4xx_hal_pcd.o
                0x0000000008001188                HAL_PCD_Start
 .text.HAL_PCD_IRQHandler
                0x00000000080011f2      0x942 ./Drivers/STM32F4xx_HAL_Driver/Src/stm32f4xx_hal_pcd.o
                0x00000000080011f2                HAL_PCD_IRQHandler
 .text.HAL_PCD_SetAddress
                0x0000000008001b34       0x48 ./Drivers/STM32F4xx_HAL_Driver/Src/stm32f4xx_hal_pcd.o
                0x0000000008001b34                HAL_PCD_SetAddress
 .text.HAL_PCD_EP_Open
                0x0000000008001b7c       0xd4 ./Drivers/STM32F4xx_HAL_Driver/Src/stm32f4xx_hal_pcd.o
                0x0000000008001b7c                HAL_PCD_EP_Open
 .text.HAL_PCD_EP_Close
                0x0000000008001c50       0x94 ./Drivers/STM32F4xx_HAL_Driver/Src/stm32f4xx_hal_pcd.o
                0x0000000008001c50                HAL_PCD_EP_Close
 .text.HAL_PCD_EP_Receive
                0x0000000008001ce4       0x76 ./Drivers/STM32F4xx_HAL_Driver/Src/stm32f4xx_hal_pcd.o
                0x0000000008001ce4                HAL_PCD_EP_Receive
 .text.HAL_PCD_EP_GetRxCount
                0x0000000008001d5a       0x30 ./Drivers/STM32F4xx_HAL_Driver/Src/stm32f4xx_hal_pcd.o
                0x0000000008001d5a                HAL_PCD_EP_GetRxCount
 .text.HAL_PCD_EP_Transmit
                0x0000000008001d8a       0x74 ./Drivers/STM32F4xx_HAL_Driver/Src/stm32f4xx_hal_pcd.o
                0x0000000008001d8a                HAL_PCD_EP_Transmit
 .text.HAL_PCD_EP_SetStall
                0x0000000008001dfe       0xc6 ./Drivers/STM32F4xx_HAL_Driver/Src/stm32f4xx_hal_pcd.o
                0x0000000008001dfe                HAL_PCD_EP_SetStall
 .text.HAL_PCD_EP_ClrStall
                0x0000000008001ec4       0xac ./Drivers/STM32F4xx_HAL_Driver/Src/stm32f4xx_hal_pcd.o
                0x0000000008001ec4                HAL_PCD_EP_ClrStall
 .text.HAL_PCD_EP_Abort
                0x0000000008001f70       0x62 ./Drivers/STM32F4xx_HAL_Driver/Src/stm32f4xx_hal_pcd.o
                0x0000000008001f70                HAL_PCD_EP_Abort
 .text.PCD_WriteEmptyTxFifo
                0x0000000008001fd2      0x118 ./Drivers/STM32F4xx_HAL_Driver/Src/stm32f4xx_hal_pcd.o
 *fill*         0x00000000080020ea        0x2 
 .text.PCD_EP_OutXfrComplete_int
                0x00000000080020ec      0x1d0 ./Drivers/STM32F4xx_HAL_Driver/Src/stm32f4xx_hal_pcd.o
 .text.PCD_EP_OutSetupPacket_int
                0x00000000080022bc       0x8c ./Drivers/STM32F4xx_HAL_Driver/Src/stm32f4xx_hal_pcd.o
 .text.HAL_PCDEx_SetTxFiFo
                0x0000000008002348       0x8e ./Drivers/STM32F4xx_HAL_Driver/Src/stm32f4xx_hal_pcd_ex.o
                0x0000000008002348                HAL_PCDEx_SetTxFiFo
 .text.HAL_PCDEx_SetRxFiFo
                0x00000000080023d6       0x22 ./Drivers/STM32F4xx_HAL_Driver/Src/stm32f4xx_hal_pcd_ex.o
                0x00000000080023d6                HAL_PCDEx_SetRxFiFo
 .text.HAL_PCDEx_LPM_Callback
                0x00000000080023f8       0x18 ./Drivers/STM32F4xx_HAL_Driver/Src/stm32f4xx_hal_pcd_ex.o
                0x00000000080023f8                HAL_PCDEx_LPM_Callback
 .text.HAL_RCC_OscConfig
                0x0000000008002410      0x4f0 ./Drivers/STM32F4xx_HAL_Driver/Src/stm32f4xx_hal_rcc.o
                0x0000000008002410                HAL_RCC_OscConfig
 .text.HAL_RCC_ClockConfig
                0x0000000008002900      0x1cc ./Drivers/STM32F4xx_HAL_Driver/Src/stm32f4xx_hal_rcc.o
                0x0000000008002900                HAL_RCC_ClockConfig
 .text.HAL_RCC_GetSysClockFreq
                0x0000000008002acc      0x20c ./Drivers/STM32F4xx_HAL_Driver/Src/stm32f4xx_hal_rcc.o
                0x0000000008002acc                HAL_RCC_GetSysClockFreq
 .text.HAL_RCC_GetHCLKFreq
                0x0000000008002cd8       0x18 ./Drivers/STM32F4xx_HAL_Driver/Src/stm32f4xx_hal_rcc.o
                0x0000000008002cd8                HAL_RCC_GetHCLKFreq
 .text.USB_CoreInit
                0x0000000008002cf0       0xc8 ./Drivers/STM32F4xx_HAL_Driver/Src/stm32f4xx_ll_usb.o
                0x0000000008002cf0                USB_CoreInit
 .text.USB_SetTurnaroundTime
                0x0000000008002db8      0x144 ./Drivers/STM32F4xx_HAL_Driver/Src/stm32f4xx_ll_usb.o
                0x0000000008002db8                USB_SetTurnaroundTime
 .text.USB_EnableGlobalInt
                0x0000000008002efc       0x22 ./Drivers/STM32F4xx_HAL_Driver/Src/stm32f4xx_ll_usb.o
                0x0000000008002efc                USB_EnableGlobalInt
 .text.USB_DisableGlobalInt
                0x0000000008002f1e       0x22 ./Drivers/STM32F4xx_HAL_Driver/Src/stm32f4xx_ll_usb.o
                0x0000000008002f1e                USB_DisableGlobalInt
 .text.USB_SetCurrentMode
                0x0000000008002f40       0x98 ./Drivers/STM32F4xx_HAL_Driver/Src/stm32f4xx_ll_usb.o
                0x0000000008002f40                USB_SetCurrentMode
 .text.USB_DevInit
                0x0000000008002fd8      0x2c8 ./Drivers/STM32F4xx_HAL_Driver/Src/stm32f4xx_ll_usb.o
                0x0000000008002fd8                USB_DevInit
 .text.USB_FlushTxFifo
                0x00000000080032a0       0x64 ./Drivers/STM32F4xx_HAL_Driver/Src/stm32f4xx_ll_usb.o
                0x00000000080032a0                USB_FlushTxFifo
 .text.USB_FlushRxFifo
                0x0000000008003304       0x5c ./Drivers/STM32F4xx_HAL_Driver/Src/stm32f4xx_ll_usb.o
                0x0000000008003304                USB_FlushRxFifo
 .text.USB_SetDevSpeed
                0x0000000008003360       0x32 ./Drivers/STM32F4xx_HAL_Driver/Src/stm32f4xx_ll_usb.o
                0x0000000008003360                USB_SetDevSpeed
 .text.USB_GetDevSpeed
                0x0000000008003392       0x4a ./Drivers/STM32F4xx_HAL_Driver/Src/stm32f4xx_ll_usb.o
                0x0000000008003392                USB_GetDevSpeed
 .text.USB_ActivateEndpoint
                0x00000000080033dc      0x10e ./Drivers/STM32F4xx_HAL_Driver/Src/stm32f4xx_ll_usb.o
                0x00000000080033dc                USB_ActivateEndpoint
 *fill*         0x00000000080034ea        0x2 
 .text.USB_DeactivateEndpoint
                0x00000000080034ec      0x1b8 ./Drivers/STM32F4xx_HAL_Driver/Src/stm32f4xx_ll_usb.o
                0x00000000080034ec                USB_DeactivateEndpoint
 .text.USB_EPStartXfer
                0x00000000080036a4      0x53c ./Drivers/STM32F4xx_HAL_Driver/Src/stm32f4xx_ll_usb.o
                0x00000000080036a4                USB_EPStartXfer
 .text.USB_EPStopXfer
                0x0000000008003be0      0x154 ./Drivers/STM32F4xx_HAL_Driver/Src/stm32f4xx_ll_usb.o
                0x0000000008003be0                USB_EPStopXfer
 .text.USB_WritePacket
                0x0000000008003d34       0x7c ./Drivers/STM32F4xx_HAL_Driver/Src/stm32f4xx_ll_usb.o
                0x0000000008003d34                USB_WritePacket
 .text.USB_ReadPacket
                0x0000000008003db0       0xb0 ./Drivers/STM32F4xx_HAL_Driver/Src/stm32f4xx_ll_usb.o
                0x0000000008003db0                USB_ReadPacket
 .text.USB_EPSetStall
                0x0000000008003e60       0xdc ./Drivers/STM32F4xx_HAL_Driver/Src/stm32f4xx_ll_usb.o
                0x0000000008003e60                USB_EPSetStall
 .text.USB_EPClearStall
                0x0000000008003f3c       0xcc ./Drivers/STM32F4xx_HAL_Driver/Src/stm32f4xx_ll_usb.o
                0x0000000008003f3c                USB_EPClearStall
 .text.USB_SetDevAddress
                0x0000000008004008       0x4c ./Drivers/STM32F4xx_HAL_Driver/Src/stm32f4xx_ll_usb.o
                0x0000000008004008                USB_SetDevAddress
 .text.USB_DevConnect
                0x0000000008004054       0x42 ./Drivers/STM32F4xx_HAL_Driver/Src/stm32f4xx_ll_usb.o
                0x0000000008004054                USB_DevConnect
 .text.USB_DevDisconnect
                0x0000000008004096       0x42 ./Drivers/STM32F4xx_HAL_Driver/Src/stm32f4xx_ll_usb.o
                0x0000000008004096                USB_DevDisconnect
 .text.USB_ReadInterrupts
                0x00000000080040d8       0x26 ./Drivers/STM32F4xx_HAL_Driver/Src/stm32f4xx_ll_usb.o
                0x00000000080040d8                USB_ReadInterrupts
 .text.USB_ReadDevAllOutEpInterrupt
                0x00000000080040fe       0x34 ./Drivers/STM32F4xx_HAL_Driver/Src/stm32f4xx_ll_usb.o
                0x00000000080040fe                USB_ReadDevAllOutEpInterrupt
 .text.USB_ReadDevAllInEpInterrupt
                0x0000000008004132       0x34 ./Drivers/STM32F4xx_HAL_Driver/Src/stm32f4xx_ll_usb.o
                0x0000000008004132                USB_ReadDevAllInEpInterrupt
 .text.USB_ReadDevOutEPInterrupt
                0x0000000008004166       0x3c ./Drivers/STM32F4xx_HAL_Driver/Src/stm32f4xx_ll_usb.o
                0x0000000008004166                USB_ReadDevOutEPInterrupt
 .text.USB_ReadDevInEPInterrupt
                0x00000000080041a2       0x5c ./Drivers/STM32F4xx_HAL_Driver/Src/stm32f4xx_ll_usb.o
                0x00000000080041a2                USB_ReadDevInEPInterrupt
 .text.USB_GetMode
                0x00000000080041fe       0x1c ./Drivers/STM32F4xx_HAL_Driver/Src/stm32f4xx_ll_usb.o
                0x00000000080041fe                USB_GetMode
 .text.USB_ActivateSetup
                0x000000000800421a       0x46 ./Drivers/STM32F4xx_HAL_Driver/Src/stm32f4xx_ll_usb.o
                0x000000000800421a                USB_ActivateSetup
 .text.USB_EP0_OutStart
                0x0000000008004260       0xbc ./Drivers/STM32F4xx_HAL_Driver/Src/stm32f4xx_ll_usb.o
                0x0000000008004260                USB_EP0_OutStart
 .text.USB_CoreReset
                0x000000000800431c       0x62 ./Drivers/STM32F4xx_HAL_Driver/Src/stm32f4xx_ll_usb.o
 *fill*         0x000000000800437e        0x2 
 .text.USBD_CDC_Init
                0x0000000008004380      0x1f0 ./Middlewares/ST/STM32_USB_Device_Library/Class/CDC/Src/usbd_cdc.o
 .text.USBD_CDC_DeInit
                0x0000000008004570      0x104 ./Middlewares/ST/STM32_USB_Device_Library/Class/CDC/Src/usbd_cdc.o
 .text.USBD_CDC_Setup
                0x0000000008004674      0x1b8 ./Middlewares/ST/STM32_USB_Device_Library/Class/CDC/Src/usbd_cdc.o
 .text.USBD_CDC_DataIn
                0x000000000800482c       0xfe ./Middlewares/ST/STM32_USB_Device_Library/Class/CDC/Src/usbd_cdc.o
 .text.USBD_CDC_DataOut
                0x000000000800492a       0x70 ./Middlewares/ST/STM32_USB_Device_Library/Class/CDC/Src/usbd_cdc.o
 .text.USBD_CDC_EP0_RxReady
                0x000000000800499a       0x76 ./Middlewares/ST/STM32_USB_Device_Library/Class/CDC/Src/usbd_cdc.o
 .text.USBD_CDC_GetFSCfgDesc
                0x0000000008004a10       0x70 ./Middlewares/ST/STM32_USB_Device_Library/Class/CDC/Src/usbd_cdc.o
 .text.USBD_CDC_GetHSCfgDesc
                0x0000000008004a80       0x70 ./Middlewares/ST/STM32_USB_Device_Library/Class/CDC/Src/usbd_cdc.o
 .text.USBD_CDC_GetOtherSpeedCfgDesc
                0x0000000008004af0       0x70 ./Middlewares/ST/STM32_USB_Device_Library/Class/CDC/Src/usbd_cdc.o
 .text.USBD_CDC_GetDeviceQualifierDescriptor
                0x0000000008004b60       0x20 ./Middlewares/ST/STM32_USB_Device_Library/Class/CDC/Src/usbd_cdc.o
                0x0000000008004b60                USBD_CDC_GetDeviceQualifierDescriptor
 .text.USBD_CDC_RegisterInterface
                0x0000000008004b80       0x34 ./Middlewares/ST/STM32_USB_Device_Library/Class/CDC/Src/usbd_cdc.o
                0x0000000008004b80                USBD_CDC_RegisterInterface
 .text.USBD_CDC_SetTxBuffer
                0x0000000008004bb4       0x44 ./Middlewares/ST/STM32_USB_Device_Library/Class/CDC/Src/usbd_cdc.o
                0x0000000008004bb4                USBD_CDC_SetTxBuffer
 .text.USBD_CDC_SetRxBuffer
                0x0000000008004bf8       0x3a ./Middlewares/ST/STM32_USB_Device_Library/Class/CDC/Src/usbd_cdc.o
                0x0000000008004bf8                USBD_CDC_SetRxBuffer
 *fill*         0x0000000008004c32        0x2 
 .text.USBD_CDC_ReceivePacket
                0x0000000008004c34       0x6c ./Middlewares/ST/STM32_USB_Device_Library/Class/CDC/Src/usbd_cdc.o
                0x0000000008004c34                USBD_CDC_ReceivePacket
 .text.USBD_Init
                0x0000000008004ca0       0x60 ./Middlewares/ST/STM32_USB_Device_Library/Core/Src/usbd_core.o
                0x0000000008004ca0                USBD_Init
 .text.USBD_RegisterClass
                0x0000000008004d00       0x6c ./Middlewares/ST/STM32_USB_Device_Library/Core/Src/usbd_core.o
                0x0000000008004d00                USBD_RegisterClass
 .text.USBD_Start
                0x0000000008004d6c       0x18 ./Middlewares/ST/STM32_USB_Device_Library/Core/Src/usbd_core.o
                0x0000000008004d6c                USBD_Start
 .text.USBD_RunTestMode
                0x0000000008004d84       0x16 ./Middlewares/ST/STM32_USB_Device_Library/Core/Src/usbd_core.o
                0x0000000008004d84                USBD_RunTestMode
 .text.USBD_SetClassConfig
                0x0000000008004d9a       0x38 ./Middlewares/ST/STM32_USB_Device_Library/Core/Src/usbd_core.o
                0x0000000008004d9a                USBD_SetClassConfig
 .text.USBD_ClrClassConfig
                0x0000000008004dd2       0x34 ./Middlewares/ST/STM32_USB_Device_Library/Core/Src/usbd_core.o
                0x0000000008004dd2                USBD_ClrClassConfig
 .text.USBD_LL_SetupStage
                0x0000000008004e06       0xaa ./Middlewares/ST/STM32_USB_Device_Library/Core/Src/usbd_core.o
                0x0000000008004e06                USBD_LL_SetupStage
 .text.USBD_LL_DataOutStage
                0x0000000008004eb0      0x166 ./Middlewares/ST/STM32_USB_Device_Library/Core/Src/usbd_core.o
                0x0000000008004eb0                USBD_LL_DataOutStage
 .text.USBD_LL_DataInStage
                0x0000000008005016      0x164 ./Middlewares/ST/STM32_USB_Device_Library/Core/Src/usbd_core.o
                0x0000000008005016                USBD_LL_DataInStage
 .text.USBD_LL_Reset
                0x000000000800517a       0xa4 ./Middlewares/ST/STM32_USB_Device_Library/Core/Src/usbd_core.o
                0x000000000800517a                USBD_LL_Reset
 .text.USBD_LL_SetSpeed
                0x000000000800521e       0x20 ./Middlewares/ST/STM32_USB_Device_Library/Core/Src/usbd_core.o
                0x000000000800521e                USBD_LL_SetSpeed
 .text.USBD_LL_Suspend
                0x000000000800523e       0x38 ./Middlewares/ST/STM32_USB_Device_Library/Core/Src/usbd_core.o
                0x000000000800523e                USBD_LL_Suspend
 .text.USBD_LL_Resume
                0x0000000008005276       0x30 ./Middlewares/ST/STM32_USB_Device_Library/Core/Src/usbd_core.o
                0x0000000008005276                USBD_LL_Resume
 .text.USBD_LL_SOF
                0x00000000080052a6       0x40 ./Middlewares/ST/STM32_USB_Device_Library/Core/Src/usbd_core.o
                0x00000000080052a6                USBD_LL_SOF
 .text.USBD_LL_IsoINIncomplete
                0x00000000080052e6       0x64 ./Middlewares/ST/STM32_USB_Device_Library/Core/Src/usbd_core.o
                0x00000000080052e6                USBD_LL_IsoINIncomplete
 .text.USBD_LL_IsoOUTIncomplete
                0x000000000800534a       0x64 ./Middlewares/ST/STM32_USB_Device_Library/Core/Src/usbd_core.o
                0x000000000800534a                USBD_LL_IsoOUTIncomplete
 .text.USBD_LL_DevConnected
                0x00000000080053ae       0x16 ./Middlewares/ST/STM32_USB_Device_Library/Core/Src/usbd_core.o
                0x00000000080053ae                USBD_LL_DevConnected
 .text.USBD_LL_DevDisconnected
                0x00000000080053c4       0x46 ./Middlewares/ST/STM32_USB_Device_Library/Core/Src/usbd_core.o
                0x00000000080053c4                USBD_LL_DevDisconnected
 .text.USBD_CoreFindIF
                0x000000000800540a       0x1a ./Middlewares/ST/STM32_USB_Device_Library/Core/Src/usbd_core.o
                0x000000000800540a                USBD_CoreFindIF
 .text.USBD_CoreFindEP
                0x0000000008005424       0x1a ./Middlewares/ST/STM32_USB_Device_Library/Core/Src/usbd_core.o
                0x0000000008005424                USBD_CoreFindEP
 .text.USBD_GetEpDesc
                0x000000000800543e       0x74 ./Middlewares/ST/STM32_USB_Device_Library/Core/Src/usbd_core.o
                0x000000000800543e                USBD_GetEpDesc
 .text.USBD_GetNextDesc
                0x00000000080054b2       0x3a ./Middlewares/ST/STM32_USB_Device_Library/Core/Src/usbd_core.o
                0x00000000080054b2                USBD_GetNextDesc
 .text.SWAPBYTE
                0x00000000080054ec       0x3c ./Middlewares/ST/STM32_USB_Device_Library/Core/Src/usbd_ctlreq.o
 .text.USBD_StdDevReq
                0x0000000008005528       0xe4 ./Middlewares/ST/STM32_USB_Device_Library/Core/Src/usbd_ctlreq.o
                0x0000000008005528                USBD_StdDevReq
 .text.USBD_StdItfReq
                0x000000000800560c       0xd8 ./Middlewares/ST/STM32_USB_Device_Library/Core/Src/usbd_ctlreq.o
                0x000000000800560c                USBD_StdItfReq
 .text.USBD_StdEPReq
                0x00000000080056e4      0x33a ./Middlewares/ST/STM32_USB_Device_Library/Core/Src/usbd_ctlreq.o
                0x00000000080056e4                USBD_StdEPReq
 *fill*         0x0000000008005a1e        0x2 
 .text.USBD_GetDescriptor
                0x0000000008005a20      0x2d4 ./Middlewares/ST/STM32_USB_Device_Library/Core/Src/usbd_ctlreq.o
 .text.USBD_SetAddress
                0x0000000008005cf4       0x88 ./Middlewares/ST/STM32_USB_Device_Library/Core/Src/usbd_ctlreq.o
 .text.USBD_SetConfig
                0x0000000008005d7c      0x154 ./Middlewares/ST/STM32_USB_Device_Library/Core/Src/usbd_ctlreq.o
 .text.USBD_GetConfig
                0x0000000008005ed0       0x6c ./Middlewares/ST/STM32_USB_Device_Library/Core/Src/usbd_ctlreq.o
 .text.USBD_GetStatus
                0x0000000008005f3c       0x68 ./Middlewares/ST/STM32_USB_Device_Library/Core/Src/usbd_ctlreq.o
 .text.USBD_SetFeature
                0x0000000008005fa4       0x52 ./Middlewares/ST/STM32_USB_Device_Library/Core/Src/usbd_ctlreq.o
 .text.USBD_ClrFeature
                0x0000000008005ff6       0x44 ./Middlewares/ST/STM32_USB_Device_Library/Core/Src/usbd_ctlreq.o
 .text.USBD_ParseSetupRequest
                0x000000000800603a       0x74 ./Middlewares/ST/STM32_USB_Device_Library/Core/Src/usbd_ctlreq.o
                0x000000000800603a                USBD_ParseSetupRequest
 .text.USBD_CtlError
                0x00000000080060ae       0x22 ./Middlewares/ST/STM32_USB_Device_Library/Core/Src/usbd_ctlreq.o
                0x00000000080060ae                USBD_CtlError
 .text.USBD_GetString
                0x00000000080060d0       0xa4 ./Middlewares/ST/STM32_USB_Device_Library/Core/Src/usbd_ctlreq.o
                0x00000000080060d0                USBD_GetString
 .text.USBD_GetLen
                0x0000000008006174       0x34 ./Middlewares/ST/STM32_USB_Device_Library/Core/Src/usbd_ctlreq.o
 .text.USBD_CtlSendData
                0x00000000080061a8       0x36 ./Middlewares/ST/STM32_USB_Device_Library/Core/Src/usbd_ioreq.o
                0x00000000080061a8                USBD_CtlSendData
 .text.USBD_CtlContinueSendData
                0x00000000080061de       0x22 ./Middlewares/ST/STM32_USB_Device_Library/Core/Src/usbd_ioreq.o
                0x00000000080061de                USBD_CtlContinueSendData
 .text.USBD_CtlPrepareRx
                0x0000000008006200       0x3a ./Middlewares/ST/STM32_USB_Device_Library/Core/Src/usbd_ioreq.o
                0x0000000008006200                USBD_CtlPrepareRx
 .text.USBD_CtlContinueRx
                0x000000000800623a       0x22 ./Middlewares/ST/STM32_USB_Device_Library/Core/Src/usbd_ioreq.o
                0x000000000800623a                USBD_CtlContinueRx
 .text.USBD_CtlSendStatus
                0x000000000800625c       0x26 ./Middlewares/ST/STM32_USB_Device_Library/Core/Src/usbd_ioreq.o
                0x000000000800625c                USBD_CtlSendStatus
 .text.USBD_CtlReceiveStatus
                0x0000000008006282       0x26 ./Middlewares/ST/STM32_USB_Device_Library/Core/Src/usbd_ioreq.o
                0x0000000008006282                USBD_CtlReceiveStatus
 .text.MX_USB_DEVICE_Init
                0x00000000080062a8       0x60 ./USB_DEVICE/App/usb_device.o
                0x00000000080062a8                MX_USB_DEVICE_Init
 .text.CDC_Init_FS
                0x0000000008006308       0x28 ./USB_DEVICE/App/usbd_cdc_if.o
 .text.CDC_DeInit_FS
                0x0000000008006330       0x10 ./USB_DEVICE/App/usbd_cdc_if.o
 .text.CDC_Control_FS
                0x0000000008006340       0xbc ./USB_DEVICE/App/usbd_cdc_if.o
 .text.CDC_Receive_FS
                0x00000000080063fc       0x28 ./USB_DEVICE/App/usbd_cdc_if.o
 .text.CDC_TransmitCplt_FS
                0x0000000008006424       0x22 ./USB_DEVICE/App/usbd_cdc_if.o
 *fill*         0x0000000008006446        0x2 
 .text.USBD_FS_DeviceDescriptor
                0x0000000008006448       0x24 ./USB_DEVICE/App/usbd_desc.o
                0x0000000008006448                USBD_FS_DeviceDescriptor
 .text.USBD_FS_LangIDStrDescriptor
                0x000000000800646c       0x24 ./USB_DEVICE/App/usbd_desc.o
                0x000000000800646c                USBD_FS_LangIDStrDescriptor
 .text.USBD_FS_ProductStrDescriptor
                0x0000000008006490       0x3c ./USB_DEVICE/App/usbd_desc.o
                0x0000000008006490                USBD_FS_ProductStrDescriptor
 .text.USBD_FS_ManufacturerStrDescriptor
                0x00000000080064cc       0x28 ./USB_DEVICE/App/usbd_desc.o
                0x00000000080064cc                USBD_FS_ManufacturerStrDescriptor
 .text.USBD_FS_SerialStrDescriptor
                0x00000000080064f4       0x24 ./USB_DEVICE/App/usbd_desc.o
                0x00000000080064f4                USBD_FS_SerialStrDescriptor
 .text.USBD_FS_ConfigStrDescriptor
                0x0000000008006518       0x3c ./USB_DEVICE/App/usbd_desc.o
                0x0000000008006518                USBD_FS_ConfigStrDescriptor
 .text.USBD_FS_InterfaceStrDescriptor
                0x0000000008006554       0x3c ./USB_DEVICE/App/usbd_desc.o
                0x0000000008006554                USBD_FS_InterfaceStrDescriptor
 .text.Get_SerialNum
                0x0000000008006590       0x58 ./USB_DEVICE/App/usbd_desc.o
 .text.IntToUnicode
                0x00000000080065e8       0x7e ./USB_DEVICE/App/usbd_desc.o
 *fill*         0x0000000008006666        0x2 
 .text.HAL_PCD_MspInit
                0x0000000008006668       0xa8 ./USB_DEVICE/Target/usbd_conf.o
                0x0000000008006668                HAL_PCD_MspInit
 .text.HAL_PCD_SetupStageCallback
                0x0000000008006710       0x24 ./USB_DEVICE/Target/usbd_conf.o
                0x0000000008006710                HAL_PCD_SetupStageCallback
 .text.HAL_PCD_DataOutStageCallback
                0x0000000008006734       0x36 ./USB_DEVICE/Target/usbd_conf.o
                0x0000000008006734                HAL_PCD_DataOutStageCallback
 .text.HAL_PCD_DataInStageCallback
                0x000000000800676a       0x34 ./USB_DEVICE/Target/usbd_conf.o
                0x000000000800676a                HAL_PCD_DataInStageCallback
 .text.HAL_PCD_SOFCallback
                0x000000000800679e       0x1c ./USB_DEVICE/Target/usbd_conf.o
                0x000000000800679e                HAL_PCD_SOFCallback
 .text.HAL_PCD_ResetCallback
                0x00000000080067ba       0x50 ./USB_DEVICE/Target/usbd_conf.o
                0x00000000080067ba                HAL_PCD_ResetCallback
 *fill*         0x000000000800680a        0x2 
 .text.HAL_PCD_SuspendCallback
                0x000000000800680c       0x4c ./USB_DEVICE/Target/usbd_conf.o
                0x000000000800680c                HAL_PCD_SuspendCallback
 .text.HAL_PCD_ResumeCallback
                0x0000000008006858       0x1c ./USB_DEVICE/Target/usbd_conf.o
                0x0000000008006858                HAL_PCD_ResumeCallback
 .text.HAL_PCD_ISOOUTIncompleteCallback
                0x0000000008006874       0x24 ./USB_DEVICE/Target/usbd_conf.o
                0x0000000008006874                HAL_PCD_ISOOUTIncompleteCallback
 .text.HAL_PCD_ISOINIncompleteCallback
                0x0000000008006898       0x24 ./USB_DEVICE/Target/usbd_conf.o
                0x0000000008006898                HAL_PCD_ISOINIncompleteCallback
 .text.HAL_PCD_ConnectCallback
                0x00000000080068bc       0x1c ./USB_DEVICE/Target/usbd_conf.o
                0x00000000080068bc                HAL_PCD_ConnectCallback
 .text.HAL_PCD_DisconnectCallback
                0x00000000080068d8       0x1c ./USB_DEVICE/Target/usbd_conf.o
                0x00000000080068d8                HAL_PCD_DisconnectCallback
 .text.USBD_LL_Init
                0x00000000080068f4       0x98 ./USB_DEVICE/Target/usbd_conf.o
                0x00000000080068f4                USBD_LL_Init
 .text.USBD_LL_Start
                0x000000000800698c       0x36 ./USB_DEVICE/Target/usbd_conf.o
                0x000000000800698c                USBD_LL_Start
 .text.USBD_LL_OpenEP
                0x00000000080069c2       0x4c ./USB_DEVICE/Target/usbd_conf.o
                0x00000000080069c2                USBD_LL_OpenEP
 .text.USBD_LL_CloseEP
                0x0000000008006a0e       0x3e ./USB_DEVICE/Target/usbd_conf.o
                0x0000000008006a0e                USBD_LL_CloseEP
 .text.USBD_LL_StallEP
                0x0000000008006a4c       0x3e ./USB_DEVICE/Target/usbd_conf.o
                0x0000000008006a4c                USBD_LL_StallEP
 .text.USBD_LL_ClearStallEP
                0x0000000008006a8a       0x3e ./USB_DEVICE/Target/usbd_conf.o
                0x0000000008006a8a                USBD_LL_ClearStallEP
 .text.USBD_LL_IsStallEP
                0x0000000008006ac8       0x58 ./USB_DEVICE/Target/usbd_conf.o
                0x0000000008006ac8                USBD_LL_IsStallEP
 .text.USBD_LL_SetUSBAddress
                0x0000000008006b20       0x3e ./USB_DEVICE/Target/usbd_conf.o
                0x0000000008006b20                USBD_LL_SetUSBAddress
 .text.USBD_LL_Transmit
                0x0000000008006b5e       0x42 ./USB_DEVICE/Target/usbd_conf.o
                0x0000000008006b5e                USBD_LL_Transmit
 .text.USBD_LL_PrepareReceive
                0x0000000008006ba0       0x42 ./USB_DEVICE/Target/usbd_conf.o
                0x0000000008006ba0                USBD_LL_PrepareReceive
 .text.USBD_LL_GetRxDataSize
                0x0000000008006be2       0x26 ./USB_DEVICE/Target/usbd_conf.o
                0x0000000008006be2                USBD_LL_GetRxDataSize
 .text.USBD_static_malloc
                0x0000000008006c08       0x1c ./USB_DEVICE/Target/usbd_conf.o
                0x0000000008006c08                USBD_static_malloc
 .text.USBD_static_free
                0x0000000008006c24       0x14 ./USB_DEVICE/Target/usbd_conf.o
                0x0000000008006c24                USBD_static_free
 .text.USBD_Get_USB_Status
                0x0000000008006c38       0x58 ./USB_DEVICE/Target/usbd_conf.o
                0x0000000008006c38                USBD_Get_USB_Status
 .text.memset   0x0000000008006c90       0x10 C:/ST/STM32CubeIDE_1.12.1/STM32CubeIDE/plugins/com.st.stm32cube.ide.mcu.externaltools.gnu-tools-for-stm32.11.3.rel1.win32_1.1.100.202309141235/tools/bin/../lib/gcc/arm-none-eabi/11.3.1/../../../../arm-none-eabi/lib/thumb/v7e-m+fp/hard\libc_nano.a(libc_a-memset.o)
                0x0000000008006c90                memset
 .text.__libc_init_array
                0x0000000008006ca0       0x48 C:/ST/STM32CubeIDE_1.12.1/STM32CubeIDE/plugins/com.st.stm32cube.ide.mcu.externaltools.gnu-tools-for-stm32.11.3.rel1.win32_1.1.100.202309141235/tools/bin/../lib/gcc/arm-none-eabi/11.3.1/../../../../arm-none-eabi/lib/thumb/v7e-m+fp/hard\libc_nano.a(libc_a-init.o)
                0x0000000008006ca0                __libc_init_array
 *(.glue_7)
 .glue_7        0x0000000008006ce8        0x0 linker stubs
 *(.glue_7t)
 .glue_7t       0x0000000008006ce8        0x0 linker stubs
 *(.eh_frame)
 .eh_frame      0x0000000008006ce8        0x0 C:/ST/STM32CubeIDE_1.12.1/STM32CubeIDE/plugins/com.st.stm32cube.ide.mcu.externaltools.gnu-tools-for-stm32.11.3.rel1.win32_1.1.100.202309141235/tools/bin/../lib/gcc/arm-none-eabi/11.3.1/thumb/v7e-m+fp/hard/crtbegin.o
 *(.init)
 .init          0x0000000008006ce8        0x4 C:/ST/STM32CubeIDE_1.12.1/STM32CubeIDE/plugins/com.st.stm32cube.ide.mcu.externaltools.gnu-tools-for-stm32.11.3.rel1.win32_1.1.100.202309141235/tools/bin/../lib/gcc/arm-none-eabi/11.3.1/thumb/v7e-m+fp/hard/crti.o
                0x0000000008006ce8                _init
 .init          0x0000000008006cec        0x8 C:/ST/STM32CubeIDE_1.12.1/STM32CubeIDE/plugins/com.st.stm32cube.ide.mcu.externaltools.gnu-tools-for-stm32.11.3.rel1.win32_1.1.100.202309141235/tools/bin/../lib/gcc/arm-none-eabi/11.3.1/thumb/v7e-m+fp/hard/crtn.o
 *(.fini)
 .fini          0x0000000008006cf4        0x4 C:/ST/STM32CubeIDE_1.12.1/STM32CubeIDE/plugins/com.st.stm32cube.ide.mcu.externaltools.gnu-tools-for-stm32.11.3.rel1.win32_1.1.100.202309141235/tools/bin/../lib/gcc/arm-none-eabi/11.3.1/thumb/v7e-m+fp/hard/crti.o
                0x0000000008006cf4                _fini
 .fini          0x0000000008006cf8        0x8 C:/ST/STM32CubeIDE_1.12.1/STM32CubeIDE/plugins/com.st.stm32cube.ide.mcu.externaltools.gnu-tools-for-stm32.11.3.rel1.win32_1.1.100.202309141235/tools/bin/../lib/gcc/arm-none-eabi/11.3.1/thumb/v7e-m+fp/hard/crtn.o
                0x0000000008006d00                . = ALIGN (0x4)
                0x0000000008006d00                _etext = .

.vfp11_veneer   0x0000000008006d00        0x0
 .vfp11_veneer  0x0000000008006d00        0x0 linker stubs

.v4_bx          0x0000000008006d00        0x0
 .v4_bx         0x0000000008006d00        0x0 linker stubs

.iplt           0x0000000008006d00        0x0
 .iplt          0x0000000008006d00        0x0 C:/ST/STM32CubeIDE_1.12.1/STM32CubeIDE/plugins/com.st.stm32cube.ide.mcu.externaltools.gnu-tools-for-stm32.11.3.rel1.win32_1.1.100.202309141235/tools/bin/../lib/gcc/arm-none-eabi/11.3.1/thumb/v7e-m+fp/hard/crtbegin.o

.rodata         0x0000000008006d00       0x58
                0x0000000008006d00                . = ALIGN (0x4)
 *(.rodata)
 .rodata        0x0000000008006d00       0x46 ./USB_DEVICE/App/usbd_desc.o
 *(.rodata*)
 *fill*         0x0000000008006d46        0x2 
 .rodata.AHBPrescTable
                0x0000000008006d48       0x10 ./Core/Src/system_stm32f4xx.o
                0x0000000008006d48                AHBPrescTable
                0x0000000008006d58                . = ALIGN (0x4)

.ARM.extab      0x0000000008006d58        0x0
                0x0000000008006d58                . = ALIGN (0x4)
 *(.ARM.extab* .gnu.linkonce.armextab.*)
                0x0000000008006d58                . = ALIGN (0x4)

.ARM            0x0000000008006d58        0x8
                0x0000000008006d58                . = ALIGN (0x4)
                0x0000000008006d58                __exidx_start = .
 *(.ARM.exidx*)
 .ARM.exidx     0x0000000008006d58        0x8 C:/ST/STM32CubeIDE_1.12.1/STM32CubeIDE/plugins/com.st.stm32cube.ide.mcu.externaltools.gnu-tools-for-stm32.11.3.rel1.win32_1.1.100.202309141235/tools/bin/../lib/gcc/arm-none-eabi/11.3.1/thumb/v7e-m+fp/hard\libgcc.a(_udivmoddi4.o)
                0x0000000008006d60                __exidx_end = .
                0x0000000008006d60                . = ALIGN (0x4)

.rel.dyn        0x0000000008006d60        0x0
 .rel.iplt      0x0000000008006d60        0x0 C:/ST/STM32CubeIDE_1.12.1/STM32CubeIDE/plugins/com.st.stm32cube.ide.mcu.externaltools.gnu-tools-for-stm32.11.3.rel1.win32_1.1.100.202309141235/tools/bin/../lib/gcc/arm-none-eabi/11.3.1/thumb/v7e-m+fp/hard/crtbegin.o

.preinit_array  0x0000000008006d60        0x0
                0x0000000008006d60                . = ALIGN (0x4)
                0x0000000008006d60                PROVIDE (__preinit_array_start = .)
 *(.preinit_array*)
                0x0000000008006d60                PROVIDE (__preinit_array_end = .)
                0x0000000008006d60                . = ALIGN (0x4)

.init_array     0x0000000008006d60        0x4
                0x0000000008006d60                . = ALIGN (0x4)
                0x0000000008006d60                PROVIDE (__init_array_start = .)
 *(SORT_BY_NAME(.init_array.*))
 *(.init_array*)
 .init_array    0x0000000008006d60        0x4 C:/ST/STM32CubeIDE_1.12.1/STM32CubeIDE/plugins/com.st.stm32cube.ide.mcu.externaltools.gnu-tools-for-stm32.11.3.rel1.win32_1.1.100.202309141235/tools/bin/../lib/gcc/arm-none-eabi/11.3.1/thumb/v7e-m+fp/hard/crtbegin.o
                0x0000000008006d64                PROVIDE (__init_array_end = .)
                0x0000000008006d64                . = ALIGN (0x4)

.fini_array     0x0000000008006d64        0x4
                0x0000000008006d64                . = ALIGN (0x4)
                [!provide]                        PROVIDE (__fini_array_start = .)
 *(SORT_BY_NAME(.fini_array.*))
 *(.fini_array*)
 .fini_array    0x0000000008006d64        0x4 C:/ST/STM32CubeIDE_1.12.1/STM32CubeIDE/plugins/com.st.stm32cube.ide.mcu.externaltools.gnu-tools-for-stm32.11.3.rel1.win32_1.1.100.202309141235/tools/bin/../lib/gcc/arm-none-eabi/11.3.1/thumb/v7e-m+fp/hard/crtbegin.o
                [!provide]                        PROVIDE (__fini_array_end = .)
                0x0000000008006d68                . = ALIGN (0x4)
                0x0000000008006d68                _sidata = LOADADDR (.data)

.data           0x0000000020000000       0xfc load address 0x0000000008006d68
                0x0000000020000000                . = ALIGN (0x4)
                0x0000000020000000                _sdata = .
 *(.data)
 *(.data*)
 .data.SystemCoreClock
                0x0000000020000000        0x4 ./Core/Src/system_stm32f4xx.o
                0x0000000020000000                SystemCoreClock
 .data.uwTickPrio
                0x0000000020000004        0x4 ./Drivers/STM32F4xx_HAL_Driver/Src/stm32f4xx_hal.o
                0x0000000020000004                uwTickPrio
 .data.uwTickFreq
                0x0000000020000008        0x1 ./Drivers/STM32F4xx_HAL_Driver/Src/stm32f4xx_hal.o
                0x0000000020000008                uwTickFreq
 *fill*         0x0000000020000009        0x3 
 .data.USBD_CDC_DeviceQualifierDesc
                0x000000002000000c        0xa ./Middlewares/ST/STM32_USB_Device_Library/Class/CDC/Src/usbd_cdc.o
 *fill*         0x0000000020000016        0x2 
 .data.USBD_CDC
                0x0000000020000018       0x38 ./Middlewares/ST/STM32_USB_Device_Library/Class/CDC/Src/usbd_cdc.o
                0x0000000020000018                USBD_CDC
 .data.USBD_CDC_CfgDesc
                0x0000000020000050       0x43 ./Middlewares/ST/STM32_USB_Device_Library/Class/CDC/Src/usbd_cdc.o
 .data.CDCInEpAdd
                0x0000000020000093        0x1 ./Middlewares/ST/STM32_USB_Device_Library/Class/CDC/Src/usbd_cdc.o
 .data.CDCOutEpAdd
                0x0000000020000094        0x1 ./Middlewares/ST/STM32_USB_Device_Library/Class/CDC/Src/usbd_cdc.o
 .data.CDCCmdEpAdd
                0x0000000020000095        0x1 ./Middlewares/ST/STM32_USB_Device_Library/Class/CDC/Src/usbd_cdc.o
 *fill*         0x0000000020000096        0x2 
 .data.USBD_Interface_fops_FS
                0x0000000020000098       0x14 ./USB_DEVICE/App/usbd_cdc_if.o
                0x0000000020000098                USBD_Interface_fops_FS
 .data.FS_Desc  0x00000000200000ac       0x1c ./USB_DEVICE/App/usbd_desc.o
                0x00000000200000ac                FS_Desc
 .data.USBD_FS_DeviceDesc
                0x00000000200000c8       0x12 ./USB_DEVICE/App/usbd_desc.o
                0x00000000200000c8                USBD_FS_DeviceDesc
 *fill*         0x00000000200000da        0x2 
 .data.USBD_LangIDDesc
                0x00000000200000dc        0x4 ./USB_DEVICE/App/usbd_desc.o
                0x00000000200000dc                USBD_LangIDDesc
 .data.USBD_StringSerial
                0x00000000200000e0       0x1a ./USB_DEVICE/App/usbd_desc.o
                0x00000000200000e0                USBD_StringSerial
 *(.RamFunc)
 *(.RamFunc*)
                0x00000000200000fc                . = ALIGN (0x4)
 *fill*         0x00000000200000fa        0x2 
                0x00000000200000fc                _edata = .
                0x0000000008006e64                _siccmram = LOADADDR (.ccmram)

.igot.plt       0x00000000200000fc        0x0 load address 0x0000000008006e64
 .igot.plt      0x00000000200000fc        0x0 C:/ST/STM32CubeIDE_1.12.1/STM32CubeIDE/plugins/com.st.stm32cube.ide.mcu.externaltools.gnu-tools-for-stm32.11.3.rel1.win32_1.1.100.202309141235/tools/bin/../lib/gcc/arm-none-eabi/11.3.1/thumb/v7e-m+fp/hard/crtbegin.o

.ccmram         0x0000000010000000        0x0 load address 0x0000000008006e64
                0x0000000010000000                . = ALIGN (0x4)
                0x0000000010000000                _sccmram = .
 *(.ccmram)
 *(.ccmram*)
                0x0000000010000000                . = ALIGN (0x4)
                0x0000000010000000                _eccmram = .
                0x0000000010000000                . = ALIGN (0x4)

.bss            0x00000000200000fc     0x1c08
                0x00000000200000fc                _sbss = .
                0x00000000200000fc                __bss_start__ = _sbss
 *(.bss)
 .bss           0x00000000200000fc       0x1c C:/ST/STM32CubeIDE_1.12.1/STM32CubeIDE/plugins/com.st.stm32cube.ide.mcu.externaltools.gnu-tools-for-stm32.11.3.rel1.win32_1.1.100.202309141235/tools/bin/../lib/gcc/arm-none-eabi/11.3.1/thumb/v7e-m+fp/hard/crtbegin.o
 *(.bss*)
 .bss.JumpToApp
                0x0000000020000118        0x4 ./Core/Src/main.o
                0x0000000020000118                JumpToApp
 .bss.uwTick    0x000000002000011c        0x4 ./Drivers/STM32F4xx_HAL_Driver/Src/stm32f4xx_hal.o
                0x000000002000011c                uwTick
 .bss.cfgidx.0  0x0000000020000120        0x1 ./Middlewares/ST/STM32_USB_Device_Library/Core/Src/usbd_ctlreq.o
 *fill*         0x0000000020000121        0x3 
 .bss.hUsbDeviceFS
                0x0000000020000124      0x2dc ./USB_DEVICE/App/usb_device.o
                0x0000000020000124                hUsbDeviceFS
 .bss.UserRxBufferFS
                0x0000000020000400      0x800 ./USB_DEVICE/App/usbd_cdc_if.o
                0x0000000020000400                UserRxBufferFS
 .bss.UserTxBufferFS
                0x0000000020000c00      0x800 ./USB_DEVICE/App/usbd_cdc_if.o
                0x0000000020000c00                UserTxBufferFS
 .bss.USBD_StrDesc
                0x0000000020001400      0x200 ./USB_DEVICE/App/usbd_desc.o
                0x0000000020001400                USBD_StrDesc
 .bss.hpcd_USB_OTG_FS
                0x0000000020001600      0x4e4 ./USB_DEVICE/Target/usbd_conf.o
                0x0000000020001600                hpcd_USB_OTG_FS
 .bss.mem.0     0x0000000020001ae4      0x220 ./USB_DEVICE/Target/usbd_conf.o
 *(COMMON)
                0x0000000020001d04                . = ALIGN (0x4)
                0x0000000020001d04                _ebss = .
                0x0000000020001d04                __bss_end__ = _ebss

._user_heap_stack
                0x0000000020001d04      0x604
                0x0000000020001d08                . = ALIGN (0x8)
 *fill*         0x0000000020001d04        0x4 
                [!provide]                        PROVIDE (end = .)
                0x0000000020001d08                PROVIDE (_end = .)
                0x0000000020001f08                . = (. + _Min_Heap_Size)
 *fill*         0x0000000020001d08      0x200 
                0x0000000020002308                . = (. + _Min_Stack_Size)
 *fill*         0x0000000020001f08      0x400 
                0x0000000020002308                . = ALIGN (0x8)

/DISCARD/
 libc.a(*)
 libm.a(*)
 libgcc.a(*)

.ARM.attributes
                0x0000000000000000       0x30
 *(.ARM.attributes)
 .ARM.attributes
                0x0000000000000000       0x1e C:/ST/STM32CubeIDE_1.12.1/STM32CubeIDE/plugins/com.st.stm32cube.ide.mcu.externaltools.gnu-tools-for-stm32.11.3.rel1.win32_1.1.100.202309141235/tools/bin/../lib/gcc/arm-none-eabi/11.3.1/thumb/v7e-m+fp/hard/crti.o
 .ARM.attributes
                0x000000000000001e       0x34 C:/ST/STM32CubeIDE_1.12.1/STM32CubeIDE/plugins/com.st.stm32cube.ide.mcu.externaltools.gnu-tools-for-stm32.11.3.rel1.win32_1.1.100.202309141235/tools/bin/../lib/gcc/arm-none-eabi/11.3.1/thumb/v7e-m+fp/hard/crtbegin.o
 .ARM.attributes
                0x0000000000000052       0x34 ./Core/Src/main.o
 .ARM.attributes
                0x0000000000000086       0x34 ./Core/Src/stm32f4xx_hal_msp.o
 .ARM.attributes
                0x00000000000000ba       0x34 ./Core/Src/stm32f4xx_it.o
 .ARM.attributes
                0x00000000000000ee       0x34 ./Core/Src/system_stm32f4xx.o
 .ARM.attributes
                0x0000000000000122       0x21 ./Core/Startup/startup_stm32f407vgtx.o
 .ARM.attributes
                0x0000000000000143       0x34 ./Drivers/STM32F4xx_HAL_Driver/Src/stm32f4xx_hal.o
 .ARM.attributes
                0x0000000000000177       0x34 ./Drivers/STM32F4xx_HAL_Driver/Src/stm32f4xx_hal_cortex.o
 .ARM.attributes
                0x00000000000001ab       0x34 ./Drivers/STM32F4xx_HAL_Driver/Src/stm32f4xx_hal_gpio.o
 .ARM.attributes
                0x00000000000001df       0x34 ./Drivers/STM32F4xx_HAL_Driver/Src/stm32f4xx_hal_pcd.o
 .ARM.attributes
                0x0000000000000213       0x34 ./Drivers/STM32F4xx_HAL_Driver/Src/stm32f4xx_hal_pcd_ex.o
 .ARM.attributes
                0x0000000000000247       0x34 ./Drivers/STM32F4xx_HAL_Driver/Src/stm32f4xx_hal_rcc.o
 .ARM.attributes
                0x000000000000027b       0x34 ./Drivers/STM32F4xx_HAL_Driver/Src/stm32f4xx_ll_usb.o
 .ARM.attributes
                0x00000000000002af       0x34 ./Middlewares/ST/STM32_USB_Device_Library/Class/CDC/Src/usbd_cdc.o
 .ARM.attributes
                0x00000000000002e3       0x34 ./Middlewares/ST/STM32_USB_Device_Library/Core/Src/usbd_core.o
 .ARM.attributes
                0x0000000000000317       0x34 ./Middlewares/ST/STM32_USB_Device_Library/Core/Src/usbd_ctlreq.o
 .ARM.attributes
                0x000000000000034b       0x34 ./Middlewares/ST/STM32_USB_Device_Library/Core/Src/usbd_ioreq.o
 .ARM.attributes
                0x000000000000037f       0x34 ./USB_DEVICE/App/usb_device.o
 .ARM.attributes
                0x00000000000003b3       0x34 ./USB_DEVICE/App/usbd_cdc_if.o
 .ARM.attributes
                0x00000000000003e7       0x34 ./USB_DEVICE/App/usbd_desc.o
 .ARM.attributes
                0x000000000000041b       0x34 ./USB_DEVICE/Target/usbd_conf.o
 .ARM.attributes
                0x000000000000044f       0x34 C:/ST/STM32CubeIDE_1.12.1/STM32CubeIDE/plugins/com.st.stm32cube.ide.mcu.externaltools.gnu-tools-for-stm32.11.3.rel1.win32_1.1.100.202309141235/tools/bin/../lib/gcc/arm-none-eabi/11.3.1/../../../../arm-none-eabi/lib/thumb/v7e-m+fp/hard\libc_nano.a(libc_a-memset.o)
 .ARM.attributes
                0x0000000000000483       0x34 C:/ST/STM32CubeIDE_1.12.1/STM32CubeIDE/plugins/com.st.stm32cube.ide.mcu.externaltools.gnu-tools-for-stm32.11.3.rel1.win32_1.1.100.202309141235/tools/bin/../lib/gcc/arm-none-eabi/11.3.1/../../../../arm-none-eabi/lib/thumb/v7e-m+fp/hard\libc_nano.a(libc_a-init.o)
 .ARM.attributes
                0x00000000000004b7       0x1e C:/ST/STM32CubeIDE_1.12.1/STM32CubeIDE/plugins/com.st.stm32cube.ide.mcu.externaltools.gnu-tools-for-stm32.11.3.rel1.win32_1.1.100.202309141235/tools/bin/../lib/gcc/arm-none-eabi/11.3.1/thumb/v7e-m+fp/hard\libgcc.a(_aeabi_uldivmod.o)
 .ARM.attributes
                0x00000000000004d5       0x34 C:/ST/STM32CubeIDE_1.12.1/STM32CubeIDE/plugins/com.st.stm32cube.ide.mcu.externaltools.gnu-tools-for-stm32.11.3.rel1.win32_1.1.100.202309141235/tools/bin/../lib/gcc/arm-none-eabi/11.3.1/thumb/v7e-m+fp/hard\libgcc.a(_udivmoddi4.o)
 .ARM.attributes
                0x0000000000000509       0x1e C:/ST/STM32CubeIDE_1.12.1/STM32CubeIDE/plugins/com.st.stm32cube.ide.mcu.externaltools.gnu-tools-for-stm32.11.3.rel1.win32_1.1.100.202309141235/tools/bin/../lib/gcc/arm-none-eabi/11.3.1/thumb/v7e-m+fp/hard\libgcc.a(_dvmd_tls.o)
 .ARM.attributes
                0x0000000000000527       0x1e C:/ST/STM32CubeIDE_1.12.1/STM32CubeIDE/plugins/com.st.stm32cube.ide.mcu.externaltools.gnu-tools-for-stm32.11.3.rel1.win32_1.1.100.202309141235/tools/bin/../lib/gcc/arm-none-eabi/11.3.1/thumb/v7e-m+fp/hard/crtn.o
OUTPUT(Example_Bootloader.elf elf32-littlearm)
LOAD linker stubs
LOAD C:/ST/STM32CubeIDE_1.12.1/STM32CubeIDE/plugins/com.st.stm32cube.ide.mcu.externaltools.gnu-tools-for-stm32.11.3.rel1.win32_1.1.100.202309141235/tools/bin/../lib/gcc/arm-none-eabi/11.3.1/../../../../arm-none-eabi/lib/thumb/v7e-m+fp/hard\libc.a
LOAD C:/ST/STM32CubeIDE_1.12.1/STM32CubeIDE/plugins/com.st.stm32cube.ide.mcu.externaltools.gnu-tools-for-stm32.11.3.rel1.win32_1.1.100.202309141235/tools/bin/../lib/gcc/arm-none-eabi/11.3.1/../../../../arm-none-eabi/lib/thumb/v7e-m+fp/hard\libm.a
LOAD C:/ST/STM32CubeIDE_1.12.1/STM32CubeIDE/plugins/com.st.stm32cube.ide.mcu.externaltools.gnu-tools-for-stm32.11.3.rel1.win32_1.1.100.202309141235/tools/bin/../lib/gcc/arm-none-eabi/11.3.1/thumb/v7e-m+fp/hard\libgcc.a

.comment        0x0000000000000000       0x43
 .comment       0x0000000000000000       0x43 C:/ST/STM32CubeIDE_1.12.1/STM32CubeIDE/plugins/com.st.stm32cube.ide.mcu.externaltools.gnu-tools-for-stm32.11.3.rel1.win32_1.1.100.202309141235/tools/bin/../lib/gcc/arm-none-eabi/11.3.1/thumb/v7e-m+fp/hard/crtbegin.o
                                         0x44 (size before relaxing)
 .comment       0x0000000000000043       0x44 ./Core/Src/main.o
 .comment       0x0000000000000043       0x44 ./Core/Src/stm32f4xx_hal_msp.o
 .comment       0x0000000000000043       0x44 ./Core/Src/stm32f4xx_it.o
 .comment       0x0000000000000043       0x44 ./Core/Src/system_stm32f4xx.o
 .comment       0x0000000000000043       0x44 ./Drivers/STM32F4xx_HAL_Driver/Src/stm32f4xx_hal.o
 .comment       0x0000000000000043       0x44 ./Drivers/STM32F4xx_HAL_Driver/Src/stm32f4xx_hal_cortex.o
 .comment       0x0000000000000043       0x44 ./Drivers/STM32F4xx_HAL_Driver/Src/stm32f4xx_hal_gpio.o
 .comment       0x0000000000000043       0x44 ./Drivers/STM32F4xx_HAL_Driver/Src/stm32f4xx_hal_pcd.o
 .comment       0x0000000000000043       0x44 ./Drivers/STM32F4xx_HAL_Driver/Src/stm32f4xx_hal_pcd_ex.o
 .comment       0x0000000000000043       0x44 ./Drivers/STM32F4xx_HAL_Driver/Src/stm32f4xx_hal_rcc.o
 .comment       0x0000000000000043       0x44 ./Drivers/STM32F4xx_HAL_Driver/Src/stm32f4xx_ll_usb.o
 .comment       0x0000000000000043       0x44 ./Middlewares/ST/STM32_USB_Device_Library/Class/CDC/Src/usbd_cdc.o
 .comment       0x0000000000000043       0x44 ./Middlewares/ST/STM32_USB_Device_Library/Core/Src/usbd_core.o
 .comment       0x0000000000000043       0x44 ./Middlewares/ST/STM32_USB_Device_Library/Core/Src/usbd_ctlreq.o
 .comment       0x0000000000000043       0x44 ./Middlewares/ST/STM32_USB_Device_Library/Core/Src/usbd_ioreq.o
 .comment       0x0000000000000043       0x44 ./USB_DEVICE/App/usb_device.o
 .comment       0x0000000000000043       0x44 ./USB_DEVICE/App/usbd_cdc_if.o
 .comment       0x0000000000000043       0x44 ./USB_DEVICE/App/usbd_desc.o
 .comment       0x0000000000000043       0x44 ./USB_DEVICE/Target/usbd_conf.o

.debug_info     0x0000000000000000     0xd714
 .debug_info    0x0000000000000000      0x977 ./Core/Src/main.o
 .debug_info    0x0000000000000977      0x27c ./Core/Src/stm32f4xx_hal_msp.o
 .debug_info    0x0000000000000bf3      0x627 ./Core/Src/stm32f4xx_it.o
 .debug_info    0x000000000000121a      0x512 ./Core/Src/system_stm32f4xx.o
 .debug_info    0x000000000000172c       0x23 ./Core/Startup/startup_stm32f407vgtx.o
 .debug_info    0x000000000000174f      0x944 ./Drivers/STM32F4xx_HAL_Driver/Src/stm32f4xx_hal.o
 .debug_info    0x0000000000002093      0xd8c ./Drivers/STM32F4xx_HAL_Driver/Src/stm32f4xx_hal_cortex.o
 .debug_info    0x0000000000002e1f      0x6c3 ./Drivers/STM32F4xx_HAL_Driver/Src/stm32f4xx_hal_gpio.o
 .debug_info    0x00000000000034e2     0x156f ./Drivers/STM32F4xx_HAL_Driver/Src/stm32f4xx_hal_pcd.o
 .debug_info    0x0000000000004a51      0x6ea ./Drivers/STM32F4xx_HAL_Driver/Src/stm32f4xx_hal_pcd_ex.o
 .debug_info    0x000000000000513b      0x8af ./Drivers/STM32F4xx_HAL_Driver/Src/stm32f4xx_hal_rcc.o
 .debug_info    0x00000000000059ea     0x1993 ./Drivers/STM32F4xx_HAL_Driver/Src/stm32f4xx_ll_usb.o
 .debug_info    0x000000000000737d     0x12a3 ./Middlewares/ST/STM32_USB_Device_Library/Class/CDC/Src/usbd_cdc.o
 .debug_info    0x0000000000008620      0xe05 ./Middlewares/ST/STM32_USB_Device_Library/Core/Src/usbd_core.o
 .debug_info    0x0000000000009425      0xade ./Middlewares/ST/STM32_USB_Device_Library/Core/Src/usbd_ctlreq.o
 .debug_info    0x0000000000009f03      0x755 ./Middlewares/ST/STM32_USB_Device_Library/Core/Src/usbd_ioreq.o
 .debug_info    0x000000000000a658      0x701 ./USB_DEVICE/App/usb_device.o
 .debug_info    0x000000000000ad59      0x8fa ./USB_DEVICE/App/usbd_cdc_if.o
 .debug_info    0x000000000000b653      0x458 ./USB_DEVICE/App/usbd_desc.o
 .debug_info    0x000000000000baab     0x1c69 ./USB_DEVICE/Target/usbd_conf.o

.debug_abbrev   0x0000000000000000     0x2a0e
 .debug_abbrev  0x0000000000000000      0x29f ./Core/Src/main.o
 .debug_abbrev  0x000000000000029f       0xf4 ./Core/Src/stm32f4xx_hal_msp.o
 .debug_abbrev  0x0000000000000393      0x1a4 ./Core/Src/stm32f4xx_it.o
 .debug_abbrev  0x0000000000000537      0x11a ./Core/Src/system_stm32f4xx.o
 .debug_abbrev  0x0000000000000651       0x12 ./Core/Startup/startup_stm32f407vgtx.o
 .debug_abbrev  0x0000000000000663      0x214 ./Drivers/STM32F4xx_HAL_Driver/Src/stm32f4xx_hal.o
 .debug_abbrev  0x0000000000000877      0x31d ./Drivers/STM32F4xx_HAL_Driver/Src/stm32f4xx_hal_cortex.o
 .debug_abbrev  0x0000000000000b94      0x1d4 ./Drivers/STM32F4xx_HAL_Driver/Src/stm32f4xx_hal_gpio.o
 .debug_abbrev  0x0000000000000d68      0x2b9 ./Drivers/STM32F4xx_HAL_Driver/Src/stm32f4xx_hal_pcd.o
 .debug_abbrev  0x0000000000001021      0x1da ./Drivers/STM32F4xx_HAL_Driver/Src/stm32f4xx_hal_pcd_ex.o
 .debug_abbrev  0x00000000000011fb      0x2b7 ./Drivers/STM32F4xx_HAL_Driver/Src/stm32f4xx_hal_rcc.o
 .debug_abbrev  0x00000000000014b2      0x2b3 ./Drivers/STM32F4xx_HAL_Driver/Src/stm32f4xx_ll_usb.o
 .debug_abbrev  0x0000000000001765      0x2d2 ./Middlewares/ST/STM32_USB_Device_Library/Class/CDC/Src/usbd_cdc.o
 .debug_abbrev  0x0000000000001a37      0x27c ./Middlewares/ST/STM32_USB_Device_Library/Core/Src/usbd_core.o
 .debug_abbrev  0x0000000000001cb3      0x26f ./Middlewares/ST/STM32_USB_Device_Library/Core/Src/usbd_ctlreq.o
 .debug_abbrev  0x0000000000001f22      0x19a ./Middlewares/ST/STM32_USB_Device_Library/Core/Src/usbd_ioreq.o
 .debug_abbrev  0x00000000000020bc      0x195 ./USB_DEVICE/App/usb_device.o
 .debug_abbrev  0x0000000000002251      0x29d ./USB_DEVICE/App/usbd_cdc_if.o
 .debug_abbrev  0x00000000000024ee      0x1e1 ./USB_DEVICE/App/usbd_desc.o
 .debug_abbrev  0x00000000000026cf      0x33f ./USB_DEVICE/Target/usbd_conf.o

.debug_aranges  0x0000000000000000      0xb58
 .debug_aranges
                0x0000000000000000       0x40 ./Core/Src/main.o
 .debug_aranges
                0x0000000000000040       0x20 ./Core/Src/stm32f4xx_hal_msp.o
 .debug_aranges
                0x0000000000000060       0x68 ./Core/Src/stm32f4xx_it.o
 .debug_aranges
                0x00000000000000c8       0x28 ./Core/Src/system_stm32f4xx.o
 .debug_aranges
                0x00000000000000f0       0x28 ./Core/Startup/startup_stm32f407vgtx.o
 .debug_aranges
                0x0000000000000118       0xf0 ./Drivers/STM32F4xx_HAL_Driver/Src/stm32f4xx_hal.o
 .debug_aranges
                0x0000000000000208      0x130 ./Drivers/STM32F4xx_HAL_Driver/Src/stm32f4xx_hal_cortex.o
 .debug_aranges
                0x0000000000000338       0x58 ./Drivers/STM32F4xx_HAL_Driver/Src/stm32f4xx_hal_gpio.o
 .debug_aranges
                0x0000000000000390      0x148 ./Drivers/STM32F4xx_HAL_Driver/Src/stm32f4xx_hal_pcd.o
 .debug_aranges
                0x00000000000004d8       0x38 ./Drivers/STM32F4xx_HAL_Driver/Src/stm32f4xx_hal_pcd_ex.o
 .debug_aranges
                0x0000000000000510       0x88 ./Drivers/STM32F4xx_HAL_Driver/Src/stm32f4xx_hal_rcc.o
 .debug_aranges
                0x0000000000000598      0x1a0 ./Drivers/STM32F4xx_HAL_Driver/Src/stm32f4xx_ll_usb.o
 .debug_aranges
                0x0000000000000738       0x90 ./Middlewares/ST/STM32_USB_Device_Library/Class/CDC/Src/usbd_cdc.o
 .debug_aranges
                0x00000000000007c8       0xd8 ./Middlewares/ST/STM32_USB_Device_Library/Core/Src/usbd_core.o
 .debug_aranges
                0x00000000000008a0       0x90 ./Middlewares/ST/STM32_USB_Device_Library/Core/Src/usbd_ctlreq.o
 .debug_aranges
                0x0000000000000930       0x50 ./Middlewares/ST/STM32_USB_Device_Library/Core/Src/usbd_ioreq.o
 .debug_aranges
                0x0000000000000980       0x20 ./USB_DEVICE/App/usb_device.o
 .debug_aranges
                0x00000000000009a0       0x48 ./USB_DEVICE/App/usbd_cdc_if.o
 .debug_aranges
                0x00000000000009e8       0x60 ./USB_DEVICE/App/usbd_desc.o
 .debug_aranges
                0x0000000000000a48      0x110 ./USB_DEVICE/Target/usbd_conf.o

.debug_rnglists
                0x0000000000000000      0x85a
 .debug_rnglists
                0x0000000000000000       0x2d ./Core/Src/main.o
 .debug_rnglists
                0x000000000000002d       0x13 ./Core/Src/stm32f4xx_hal_msp.o
 .debug_rnglists
                0x0000000000000040       0x49 ./Core/Src/stm32f4xx_it.o
 .debug_rnglists
                0x0000000000000089       0x1a ./Core/Src/system_stm32f4xx.o
 .debug_rnglists
                0x00000000000000a3       0x19 ./Core/Startup/startup_stm32f407vgtx.o
 .debug_rnglists
                0x00000000000000bc       0xaf ./Drivers/STM32F4xx_HAL_Driver/Src/stm32f4xx_hal.o
 .debug_rnglists
                0x000000000000016b       0xe0 ./Drivers/STM32F4xx_HAL_Driver/Src/stm32f4xx_hal_cortex.o
 .debug_rnglists
                0x000000000000024b       0x3f ./Drivers/STM32F4xx_HAL_Driver/Src/stm32f4xx_hal_gpio.o
 .debug_rnglists
                0x000000000000028a       0xfa ./Drivers/STM32F4xx_HAL_Driver/Src/stm32f4xx_hal_pcd.o
 .debug_rnglists
                0x0000000000000384       0x26 ./Drivers/STM32F4xx_HAL_Driver/Src/stm32f4xx_hal_pcd_ex.o
 .debug_rnglists
                0x00000000000003aa       0x66 ./Drivers/STM32F4xx_HAL_Driver/Src/stm32f4xx_hal_rcc.o
 .debug_rnglists
                0x0000000000000410      0x147 ./Drivers/STM32F4xx_HAL_Driver/Src/stm32f4xx_ll_usb.o
 .debug_rnglists
                0x0000000000000557       0x6c ./Middlewares/ST/STM32_USB_Device_Library/Class/CDC/Src/usbd_cdc.o
 .debug_rnglists
                0x00000000000005c3       0xa1 ./Middlewares/ST/STM32_USB_Device_Library/Core/Src/usbd_core.o
 .debug_rnglists
                0x0000000000000664       0x6e ./Middlewares/ST/STM32_USB_Device_Library/Core/Src/usbd_ctlreq.o
 .debug_rnglists
                0x00000000000006d2       0x37 ./Middlewares/ST/STM32_USB_Device_Library/Core/Src/usbd_ioreq.o
 .debug_rnglists
                0x0000000000000709       0x13 ./USB_DEVICE/App/usb_device.o
 .debug_rnglists
                0x000000000000071c       0x32 ./USB_DEVICE/App/usbd_cdc_if.o
 .debug_rnglists
                0x000000000000074e       0x43 ./USB_DEVICE/App/usbd_desc.o
 .debug_rnglists
                0x0000000000000791       0xc9 ./USB_DEVICE/Target/usbd_conf.o

.debug_macro    0x0000000000000000    0x226e6
 .debug_macro   0x0000000000000000      0x397 ./Core/Src/main.o
 .debug_macro   0x0000000000000397      0xaa8 ./Core/Src/main.o
 .debug_macro   0x0000000000000e3f      0x295 ./Core/Src/main.o
 .debug_macro   0x00000000000010d4       0x2e ./Core/Src/main.o
 .debug_macro   0x0000000000001102       0x2f ./Core/Src/main.o
 .debug_macro   0x0000000000001131       0x22 ./Core/Src/main.o
 .debug_macro   0x0000000000001153       0x8e ./Core/Src/main.o
 .debug_macro   0x00000000000011e1       0x51 ./Core/Src/main.o
 .debug_macro   0x0000000000001232      0x103 ./Core/Src/main.o
 .debug_macro   0x0000000000001335       0x6a ./Core/Src/main.o
 .debug_macro   0x000000000000139f      0x1df ./Core/Src/main.o
 .debug_macro   0x000000000000157e       0x1c ./Core/Src/main.o
 .debug_macro   0x000000000000159a       0x22 ./Core/Src/main.o
 .debug_macro   0x00000000000015bc       0xfb ./Core/Src/main.o
 .debug_macro   0x00000000000016b7     0x1011 ./Core/Src/main.o
 .debug_macro   0x00000000000026c8      0x11f ./Core/Src/main.o
 .debug_macro   0x00000000000027e7    0x15e97 ./Core/Src/main.o
 .debug_macro   0x000000000001867e       0x6d ./Core/Src/main.o
 .debug_macro   0x00000000000186eb     0x369a ./Core/Src/main.o
 .debug_macro   0x000000000001bd85      0x174 ./Core/Src/main.o
 .debug_macro   0x000000000001bef9       0x5c ./Core/Src/main.o
 .debug_macro   0x000000000001bf55      0x980 ./Core/Src/main.o
 .debug_macro   0x000000000001c8d5      0x9e9 ./Core/Src/main.o
 .debug_macro   0x000000000001d2be      0x115 ./Core/Src/main.o
 .debug_macro   0x000000000001d3d3      0x13e ./Core/Src/main.o
 .debug_macro   0x000000000001d511       0xa5 ./Core/Src/main.o
 .debug_macro   0x000000000001d5b6      0x174 ./Core/Src/main.o
 .debug_macro   0x000000000001d72a      0x287 ./Core/Src/main.o
 .debug_macro   0x000000000001d9b1       0x5f ./Core/Src/main.o
 .debug_macro   0x000000000001da10      0x236 ./Core/Src/main.o
 .debug_macro   0x000000000001dc46      0x12c ./Core/Src/main.o
 .debug_macro   0x000000000001dd72      0x21e ./Core/Src/main.o
 .debug_macro   0x000000000001df90       0x2e ./Core/Src/main.o
 .debug_macro   0x000000000001dfbe      0x127 ./Core/Src/main.o
 .debug_macro   0x000000000001e0e5       0x7e ./Core/Src/main.o
 .debug_macro   0x000000000001e163       0x89 ./Core/Src/main.o
 .debug_macro   0x000000000001e1ec      0x293 ./Core/Src/main.o
 .debug_macro   0x000000000001e47f       0xba ./Core/Src/main.o
 .debug_macro   0x000000000001e539      0x12d ./Core/Src/main.o
 .debug_macro   0x000000000001e666       0x40 ./Core/Src/main.o
 .debug_macro   0x000000000001e6a6       0x61 ./Core/Src/main.o
 .debug_macro   0x000000000001e707       0x2a ./Core/Src/main.o
 .debug_macro   0x000000000001e731       0x43 ./Core/Src/main.o
 .debug_macro   0x000000000001e774       0x34 ./Core/Src/main.o
 .debug_macro   0x000000000001e7a8       0x16 ./Core/Src/main.o
 .debug_macro   0x000000000001e7be       0x35 ./Core/Src/main.o
 .debug_macro   0x000000000001e7f3      0x369 ./Core/Src/main.o
 .debug_macro   0x000000000001eb5c       0x10 ./Core/Src/main.o
 .debug_macro   0x000000000001eb6c       0x16 ./Core/Src/main.o
 .debug_macro   0x000000000001eb82       0x43 ./Core/Src/main.o
 .debug_macro   0x000000000001ebc5       0x34 ./Core/Src/main.o
 .debug_macro   0x000000000001ebf9       0x10 ./Core/Src/main.o
 .debug_macro   0x000000000001ec09       0x58 ./Core/Src/main.o
 .debug_macro   0x000000000001ec61       0x8e ./Core/Src/main.o
 .debug_macro   0x000000000001ecef       0x1c ./Core/Src/main.o
 .debug_macro   0x000000000001ed0b      0x177 ./Core/Src/main.o
 .debug_macro   0x000000000001ee82       0x16 ./Core/Src/main.o
 .debug_macro   0x000000000001ee98       0x16 ./Core/Src/main.o
 .debug_macro   0x000000000001eeae      0x147 ./Core/Src/main.o
 .debug_macro   0x000000000001eff5       0x16 ./Core/Src/main.o
 .debug_macro   0x000000000001f00b       0x16 ./Core/Src/main.o
 .debug_macro   0x000000000001f021       0x29 ./Core/Src/main.o
 .debug_macro   0x000000000001f04a       0x16 ./Core/Src/main.o
 .debug_macro   0x000000000001f060       0x20 ./Core/Src/main.o
 .debug_macro   0x000000000001f080       0x65 ./Core/Src/main.o
 .debug_macro   0x000000000001f0e5      0x20f ./Core/Src/main.o
 .debug_macro   0x000000000001f2f4       0x95 ./Core/Src/main.o
 .debug_macro   0x000000000001f389       0x10 ./Core/Src/main.o
 .debug_macro   0x000000000001f399      0x1e3 ./Core/Src/stm32f4xx_hal_msp.o
 .debug_macro   0x000000000001f57c      0x1ed ./Core/Src/stm32f4xx_it.o
 .debug_macro   0x000000000001f769      0x1d4 ./Core/Src/system_stm32f4xx.o
 .debug_macro   0x000000000001f93d      0x234 ./Drivers/STM32F4xx_HAL_Driver/Src/stm32f4xx_hal.o
 .debug_macro   0x000000000001fb71      0x1d4 ./Drivers/STM32F4xx_HAL_Driver/Src/stm32f4xx_hal_cortex.o
 .debug_macro   0x000000000001fd45      0x1da ./Drivers/STM32F4xx_HAL_Driver/Src/stm32f4xx_hal_gpio.o
 .debug_macro   0x000000000001ff1f      0x1e0 ./Drivers/STM32F4xx_HAL_Driver/Src/stm32f4xx_hal_pcd.o
 .debug_macro   0x00000000000200ff      0x1d4 ./Drivers/STM32F4xx_HAL_Driver/Src/stm32f4xx_hal_pcd_ex.o
 .debug_macro   0x00000000000202d3      0x1f8 ./Drivers/STM32F4xx_HAL_Driver/Src/stm32f4xx_hal_rcc.o
 .debug_macro   0x00000000000204cb      0x1d4 ./Drivers/STM32F4xx_HAL_Driver/Src/stm32f4xx_ll_usb.o
 .debug_macro   0x000000000002069f      0x372 ./Middlewares/ST/STM32_USB_Device_Library/Class/CDC/Src/usbd_cdc.o
 .debug_macro   0x0000000000020a11       0x97 ./Middlewares/ST/STM32_USB_Device_Library/Class/CDC/Src/usbd_cdc.o
 .debug_macro   0x0000000000020aa8       0xfd ./Middlewares/ST/STM32_USB_Device_Library/Class/CDC/Src/usbd_cdc.o
 .debug_macro   0x0000000000020ba5       0x56 ./Middlewares/ST/STM32_USB_Device_Library/Class/CDC/Src/usbd_cdc.o
 .debug_macro   0x0000000000020bfb      0x359 ./Middlewares/ST/STM32_USB_Device_Library/Core/Src/usbd_core.o
 .debug_macro   0x0000000000020f54      0x215 ./Middlewares/ST/STM32_USB_Device_Library/Core/Src/usbd_core.o
 .debug_macro   0x0000000000021169      0x363 ./Middlewares/ST/STM32_USB_Device_Library/Core/Src/usbd_ctlreq.o
 .debug_macro   0x00000000000214cc      0x35f ./Middlewares/ST/STM32_USB_Device_Library/Core/Src/usbd_ioreq.o
 .debug_macro   0x000000000002182b      0x392 ./USB_DEVICE/App/usb_device.o
 .debug_macro   0x0000000000021bbd       0x46 ./USB_DEVICE/App/usb_device.o
 .debug_macro   0x0000000000021c03       0x22 ./USB_DEVICE/App/usb_device.o
 .debug_macro   0x0000000000021c25       0x16 ./USB_DEVICE/App/usb_device.o
 .debug_macro   0x0000000000021c3b      0x37d ./USB_DEVICE/App/usbd_cdc_if.o
 .debug_macro   0x0000000000021fb8      0x39c ./USB_DEVICE/App/usbd_desc.o
 .debug_macro   0x0000000000022354       0x1c ./USB_DEVICE/App/usbd_desc.o
 .debug_macro   0x0000000000022370      0x376 ./USB_DEVICE/Target/usbd_conf.o

.debug_line     0x0000000000000000     0xf420
 .debug_line    0x0000000000000000      0xb1b ./Core/Src/main.o
 .debug_line    0x0000000000000b1b      0x74e ./Core/Src/stm32f4xx_hal_msp.o
 .debug_line    0x0000000000001269      0x827 ./Core/Src/stm32f4xx_it.o
 .debug_line    0x0000000000001a90      0x7ce ./Core/Src/system_stm32f4xx.o
 .debug_line    0x000000000000225e       0x7a ./Core/Startup/startup_stm32f407vgtx.o
 .debug_line    0x00000000000022d8      0xa34 ./Drivers/STM32F4xx_HAL_Driver/Src/stm32f4xx_hal.o
 .debug_line    0x0000000000002d0c      0xd2e ./Drivers/STM32F4xx_HAL_Driver/Src/stm32f4xx_hal_cortex.o
 .debug_line    0x0000000000003a3a      0xba8 ./Drivers/STM32F4xx_HAL_Driver/Src/stm32f4xx_hal_gpio.o
 .debug_line    0x00000000000045e2     0x14c5 ./Drivers/STM32F4xx_HAL_Driver/Src/stm32f4xx_hal_pcd.o
 .debug_line    0x0000000000005aa7      0x817 ./Drivers/STM32F4xx_HAL_Driver/Src/stm32f4xx_hal_pcd_ex.o
 .debug_line    0x00000000000062be      0xdc5 ./Drivers/STM32F4xx_HAL_Driver/Src/stm32f4xx_hal_rcc.o
 .debug_line    0x0000000000007083     0x1c09 ./Drivers/STM32F4xx_HAL_Driver/Src/stm32f4xx_ll_usb.o
 .debug_line    0x0000000000008c8c      0xed2 ./Middlewares/ST/STM32_USB_Device_Library/Class/CDC/Src/usbd_cdc.o
 .debug_line    0x0000000000009b5e      0xf4f ./Middlewares/ST/STM32_USB_Device_Library/Core/Src/usbd_core.o
 .debug_line    0x000000000000aaad     0x1173 ./Middlewares/ST/STM32_USB_Device_Library/Core/Src/usbd_ctlreq.o
 .debug_line    0x000000000000bc20      0xa66 ./Middlewares/ST/STM32_USB_Device_Library/Core/Src/usbd_ioreq.o
 .debug_line    0x000000000000c686      0xa22 ./USB_DEVICE/App/usb_device.o
 .debug_line    0x000000000000d0a8      0xa85 ./USB_DEVICE/App/usbd_cdc_if.o
 .debug_line    0x000000000000db2d      0xaeb ./USB_DEVICE/App/usbd_desc.o
 .debug_line    0x000000000000e618      0xe08 ./USB_DEVICE/Target/usbd_conf.o

.debug_str      0x0000000000000000    0xc3fe7
 .debug_str     0x0000000000000000    0xc0a73 ./Core/Src/main.o
                                      0xc0d6c (size before relaxing)
 .debug_str     0x00000000000c0a73       0x49 ./Core/Src/stm32f4xx_hal_msp.o
                                      0xbc3bb (size before relaxing)
 .debug_str     0x00000000000c0abc      0x49b ./Core/Src/stm32f4xx_it.o
                                      0xbc757 (size before relaxing)
 .debug_str     0x00000000000c0f57       0x87 ./Core/Src/system_stm32f4xx.o
                                      0xbc34b (size before relaxing)
 .debug_str     0x00000000000c0fde       0x34 ./Core/Startup/startup_stm32f407vgtx.o
                                         0x7e (size before relaxing)
 .debug_str     0x00000000000c1012      0xae0 ./Drivers/STM32F4xx_HAL_Driver/Src/stm32f4xx_hal.o
                                      0xbcecf (size before relaxing)
 .debug_str     0x00000000000c1af2      0x39e ./Drivers/STM32F4xx_HAL_Driver/Src/stm32f4xx_hal_cortex.o
                                      0xbcc4b (size before relaxing)
 .debug_str     0x00000000000c1e90      0x10d ./Drivers/STM32F4xx_HAL_Driver/Src/stm32f4xx_hal_gpio.o
                                      0xbc4c6 (size before relaxing)
 .debug_str     0x00000000000c1f9d      0x831 ./Drivers/STM32F4xx_HAL_Driver/Src/stm32f4xx_hal_pcd.o
                                      0xbce29 (size before relaxing)
 .debug_str     0x00000000000c27ce      0x115 ./Drivers/STM32F4xx_HAL_Driver/Src/stm32f4xx_hal_pcd_ex.o
                                      0xbc719 (size before relaxing)
 .debug_str     0x00000000000c28e3      0x21f ./Drivers/STM32F4xx_HAL_Driver/Src/stm32f4xx_hal_rcc.o
                                      0xbc77f (size before relaxing)
 .debug_str     0x00000000000c2b02      0x4b9 ./Drivers/STM32F4xx_HAL_Driver/Src/stm32f4xx_ll_usb.o
                                      0xbcd04 (size before relaxing)
 .debug_str     0x00000000000c2fbb      0x6fe ./Middlewares/ST/STM32_USB_Device_Library/Class/CDC/Src/usbd_cdc.o
                                      0xc1455 (size before relaxing)
 .debug_str     0x00000000000c36b9      0x35c ./Middlewares/ST/STM32_USB_Device_Library/Core/Src/usbd_core.o
                                      0xc0dae (size before relaxing)
 .debug_str     0x00000000000c3a15      0x139 ./Middlewares/ST/STM32_USB_Device_Library/Core/Src/usbd_ctlreq.o
                                      0xc0bd9 (size before relaxing)
 .debug_str     0x00000000000c3b4e       0x51 ./Middlewares/ST/STM32_USB_Device_Library/Core/Src/usbd_ioreq.o
                                      0xc0aae (size before relaxing)
 .debug_str     0x00000000000c3b9f       0xc6 ./USB_DEVICE/App/usb_device.o
                                      0xc0e61 (size before relaxing)
 .debug_str     0x00000000000c3c65       0xa1 ./USB_DEVICE/App/usbd_cdc_if.o
                                      0xc0ea1 (size before relaxing)
 .debug_str     0x00000000000c3d06      0x26e ./USB_DEVICE/App/usbd_desc.o
                                      0xc09ae (size before relaxing)
 .debug_str     0x00000000000c3f74       0x73 ./USB_DEVICE/Target/usbd_conf.o
                                      0xc1ca3 (size before relaxing)

.debug_frame    0x0000000000000000     0x2cec
 .debug_frame   0x0000000000000000       0xb0 ./Core/Src/main.o
 .debug_frame   0x00000000000000b0       0x34 ./Core/Src/stm32f4xx_hal_msp.o
 .debug_frame   0x00000000000000e4      0x120 ./Core/Src/stm32f4xx_it.o
 .debug_frame   0x0000000000000204       0x58 ./Core/Src/system_stm32f4xx.o
 .debug_frame   0x000000000000025c      0x374 ./Drivers/STM32F4xx_HAL_Driver/Src/stm32f4xx_hal.o
 .debug_frame   0x00000000000005d0      0x508 ./Drivers/STM32F4xx_HAL_Driver/Src/stm32f4xx_hal_cortex.o
 .debug_frame   0x0000000000000ad8      0x14c ./Drivers/STM32F4xx_HAL_Driver/Src/stm32f4xx_hal_gpio.o
 .debug_frame   0x0000000000000c24      0x5b8 ./Drivers/STM32F4xx_HAL_Driver/Src/stm32f4xx_hal_pcd.o
 .debug_frame   0x00000000000011dc       0xb0 ./Drivers/STM32F4xx_HAL_Driver/Src/stm32f4xx_hal_pcd_ex.o
 .debug_frame   0x000000000000128c      0x1f4 ./Drivers/STM32F4xx_HAL_Driver/Src/stm32f4xx_hal_rcc.o
 .debug_frame   0x0000000000001480      0x7c0 ./Drivers/STM32F4xx_HAL_Driver/Src/stm32f4xx_ll_usb.o
 .debug_frame   0x0000000000001c40      0x23c ./Middlewares/ST/STM32_USB_Device_Library/Class/CDC/Src/usbd_cdc.o
 .debug_frame   0x0000000000001e7c      0x390 ./Middlewares/ST/STM32_USB_Device_Library/Core/Src/usbd_core.o
 .debug_frame   0x000000000000220c      0x23c ./Middlewares/ST/STM32_USB_Device_Library/Core/Src/usbd_ctlreq.o
 .debug_frame   0x0000000000002448      0x10c ./Middlewares/ST/STM32_USB_Device_Library/Core/Src/usbd_ioreq.o
 .debug_frame   0x0000000000002554       0x2c ./USB_DEVICE/App/usb_device.o
 .debug_frame   0x0000000000002580       0xe4 ./USB_DEVICE/App/usbd_cdc_if.o
 .debug_frame   0x0000000000002664      0x160 ./USB_DEVICE/App/usbd_desc.o
 .debug_frame   0x00000000000027c4      0x47c ./USB_DEVICE/Target/usbd_conf.o
 .debug_frame   0x0000000000002c40       0x20 C:/ST/STM32CubeIDE_1.12.1/STM32CubeIDE/plugins/com.st.stm32cube.ide.mcu.externaltools.gnu-tools-for-stm32.11.3.rel1.win32_1.1.100.202309141235/tools/bin/../lib/gcc/arm-none-eabi/11.3.1/../../../../arm-none-eabi/lib/thumb/v7e-m+fp/hard\libc_nano.a(libc_a-memset.o)
 .debug_frame   0x0000000000002c60       0x2c C:/ST/STM32CubeIDE_1.12.1/STM32CubeIDE/plugins/com.st.stm32cube.ide.mcu.externaltools.gnu-tools-for-stm32.11.3.rel1.win32_1.1.100.202309141235/tools/bin/../lib/gcc/arm-none-eabi/11.3.1/../../../../arm-none-eabi/lib/thumb/v7e-m+fp/hard\libc_nano.a(libc_a-init.o)
 .debug_frame   0x0000000000002c8c       0x2c C:/ST/STM32CubeIDE_1.12.1/STM32CubeIDE/plugins/com.st.stm32cube.ide.mcu.externaltools.gnu-tools-for-stm32.11.3.rel1.win32_1.1.100.202309141235/tools/bin/../lib/gcc/arm-none-eabi/11.3.1/thumb/v7e-m+fp/hard\libgcc.a(_aeabi_uldivmod.o)
 .debug_frame   0x0000000000002cb8       0x34 C:/ST/STM32CubeIDE_1.12.1/STM32CubeIDE/plugins/com.st.stm32cube.ide.mcu.externaltools.gnu-tools-for-stm32.11.3.rel1.win32_1.1.100.202309141235/tools/bin/../lib/gcc/arm-none-eabi/11.3.1/thumb/v7e-m+fp/hard\libgcc.a(_udivmoddi4.o)

.debug_line_str
                0x0000000000000000       0x72
 .debug_line_str
                0x0000000000000000       0x72 ./Core/Startup/startup_stm32f407vgtx.o
                                         0x8a (size before relaxing)
